<html>
<body>
<pre>
<h1>µVision Build Log</h1>
<h2>Tool Versions:</h2>
IDE-Version: µVision V5.17.0.0
Copyright (C) 2015 ARM Ltd and ARM Germany GmbH. All rights reserved.
License Information: w w, w, LIC=60D74-F07J9-CCNJG-VWFIP-1YVSV-1EV1L
 
Tool Versions:
Toolchain:       MDK-ARM Basic (256K)  Version: 5.17
Toolchain Path:  C:\Keil_v5\ARM\ARMCC\Bin
C Compiler:      Armcc.exe V5.06 update 1 (build 61)
Assembler:       Armasm.exe V5.06 update 1 (build 61)
Linker/Locator:  ArmLink.exe V5.06 update 1 (build 61)
Library Manager: ArmAr.exe V5.06 update 1 (build 61)
Hex Converter:   FromElf.exe V5.06 update 1 (build 61)
CPU DLL:         SARMCM3.DLL V5.17
Dialog DLL:      DCM.DLL V1.13.4.0
Target DLL:      Segger\JL2CM3.dll V2.99.16.0
Dialog DLL:      TCM.DLL V1.14.6.0
 
<h2>Project:</h2>
D:\work\Keil\mobiledetector\MobileDetector_v2_cube\MobDet_V2\MDK-ARM\MobDet_V2.uvprojx
Project File Date:  08/04/2017

<h2>Output:</h2>
*** Using Compiler 'V5.06 update 1 (build 61)', folder: 'C:\Keil_v5\ARM\ARMCC\Bin'
Rebuild target 'MobDet_V2'
compiling usbd_ctlreq.c...
../Drivers/STM32L1xx_HAL_Driver/Inc/stm32l1xx_hal_flash.h(142): warning:  #47-D: incompatible redefinition of macro "FLASH_SIZE" (declared at line 108 of "../Inc/main.h")
  #define FLASH_SIZE                (uint32_t)((*((uint32_t *)FLASHSIZE_BASE)&0xFFFFU) * 1024U)
../Middlewares/ST/STM32_USB_Device_Library/Core/Src/usbd_ctlreq.c: 1 warning, 0 errors
compiling usbd_ioreq.c...
../Drivers/STM32L1xx_HAL_Driver/Inc/stm32l1xx_hal_flash.h(142): warning:  #47-D: incompatible redefinition of macro "FLASH_SIZE" (declared at line 108 of "../Inc/main.h")
  #define FLASH_SIZE                (uint32_t)((*((uint32_t *)FLASHSIZE_BASE)&0xFFFFU) * 1024U)
../Middlewares/ST/STM32_USB_Device_Library/Core/Src/usbd_ioreq.c: 1 warning, 0 errors
compiling usbd_cdc.c...
../Drivers/STM32L1xx_HAL_Driver/Inc/stm32l1xx_hal_flash.h(142): warning:  #47-D: incompatible redefinition of macro "FLASH_SIZE" (declared at line 108 of "../Inc/main.h")
  #define FLASH_SIZE                (uint32_t)((*((uint32_t *)FLASHSIZE_BASE)&0xFFFFU) * 1024U)
../Middlewares/ST/STM32_USB_Device_Library/Class/CDC/Src/usbd_cdc.c: 1 warning, 0 errors
compiling usbd_core.c...
../Drivers/STM32L1xx_HAL_Driver/Inc/stm32l1xx_hal_flash.h(142): warning:  #47-D: incompatible redefinition of macro "FLASH_SIZE" (declared at line 108 of "../Inc/main.h")
  #define FLASH_SIZE                (uint32_t)((*((uint32_t *)FLASHSIZE_BASE)&0xFFFFU) * 1024U)
../Middlewares/ST/STM32_USB_Device_Library/Core/Src/usbd_core.c: 1 warning, 0 errors
compiling system_stm32l1xx.c...
../Drivers/STM32L1xx_HAL_Driver/Inc/stm32l1xx_hal_flash.h(142): warning:  #47-D: incompatible redefinition of macro "FLASH_SIZE" (declared at line 108 of "../Inc/main.h")
  #define FLASH_SIZE                (uint32_t)((*((uint32_t *)FLASHSIZE_BASE)&0xFFFFU) * 1024U)
../Src/system_stm32l1xx.c: 1 warning, 0 errors
compiling stm32l1xx_hal_flash_ramfunc.c...
../Drivers/STM32L1xx_HAL_Driver/Inc/stm32l1xx_hal_flash.h(142): warning:  #47-D: incompatible redefinition of macro "FLASH_SIZE" (declared at line 108 of "../Inc/main.h")
  #define FLASH_SIZE                (uint32_t)((*((uint32_t *)FLASHSIZE_BASE)&0xFFFFU) * 1024U)
../Drivers/STM32L1xx_HAL_Driver/Src/stm32l1xx_hal_flash_ramfunc.c: 1 warning, 0 errors
compiling stm32l1xx_hal_gpio.c...
../Drivers/STM32L1xx_HAL_Driver/Inc/stm32l1xx_hal_flash.h(142): warning:  #47-D: incompatible redefinition of macro "FLASH_SIZE" (declared at line 108 of "../Inc/main.h")
  #define FLASH_SIZE                (uint32_t)((*((uint32_t *)FLASHSIZE_BASE)&0xFFFFU) * 1024U)
../Drivers/STM32L1xx_HAL_Driver/Src/stm32l1xx_hal_gpio.c: 1 warning, 0 errors
compiling stm32l1xx_hal_uart.c...
../Drivers/STM32L1xx_HAL_Driver/Inc/stm32l1xx_hal_flash.h(142): warning:  #47-D: incompatible redefinition of macro "FLASH_SIZE" (declared at line 108 of "../Inc/main.h")
  #define FLASH_SIZE                (uint32_t)((*((uint32_t *)FLASHSIZE_BASE)&0xFFFFU) * 1024U)
../Drivers/STM32L1xx_HAL_Driver/Src/stm32l1xx_hal_uart.c(1806): warning:  #177-D: function "UART_Receive_IT" was declared but never referenced
  static HAL_StatusTypeDef UART_Receive_IT(UART_HandleTypeDef *huart)
../Drivers/STM32L1xx_HAL_Driver/Src/stm32l1xx_hal_uart.c: 2 warnings, 0 errors
compiling stm32l1xx_hal_adc.c...
../Drivers/STM32L1xx_HAL_Driver/Inc/stm32l1xx_hal_flash.h(142): warning:  #47-D: incompatible redefinition of macro "FLASH_SIZE" (declared at line 108 of "../Inc/main.h")
  #define FLASH_SIZE                (uint32_t)((*((uint32_t *)FLASHSIZE_BASE)&0xFFFFU) * 1024U)
../Drivers/STM32L1xx_HAL_Driver/Src/stm32l1xx_hal_adc.c: 1 warning, 0 errors
compiling stm32l1xx_hal_tim_ex.c...
../Drivers/STM32L1xx_HAL_Driver/Inc/stm32l1xx_hal_flash.h(142): warning:  #47-D: incompatible redefinition of macro "FLASH_SIZE" (declared at line 108 of "../Inc/main.h")
  #define FLASH_SIZE                (uint32_t)((*((uint32_t *)FLASHSIZE_BASE)&0xFFFFU) * 1024U)
../Drivers/STM32L1xx_HAL_Driver/Src/stm32l1xx_hal_tim_ex.c: 1 warning, 0 errors
compiling stm32l1xx_hal_pcd.c...
../Drivers/STM32L1xx_HAL_Driver/Inc/stm32l1xx_hal_flash.h(142): warning:  #47-D: incompatible redefinition of macro "FLASH_SIZE" (declared at line 108 of "../Inc/main.h")
  #define FLASH_SIZE                (uint32_t)((*((uint32_t *)FLASHSIZE_BASE)&0xFFFFU) * 1024U)
../Drivers/STM32L1xx_HAL_Driver/Src/stm32l1xx_hal_pcd.c: 1 warning, 0 errors
compiling stm32l1xx_hal_tim.c...
../Drivers/STM32L1xx_HAL_Driver/Inc/stm32l1xx_hal_flash.h(142): warning:  #47-D: incompatible redefinition of macro "FLASH_SIZE" (declared at line 108 of "../Inc/main.h")
  #define FLASH_SIZE                (uint32_t)((*((uint32_t *)FLASHSIZE_BASE)&0xFFFFU) * 1024U)
../Drivers/STM32L1xx_HAL_Driver/Src/stm32l1xx_hal_tim.c: 1 warning, 0 errors
compiling stm32l1xx_hal_pwr.c...
../Drivers/STM32L1xx_HAL_Driver/Inc/stm32l1xx_hal_flash.h(142): warning:  #47-D: incompatible redefinition of macro "FLASH_SIZE" (declared at line 108 of "../Inc/main.h")
  #define FLASH_SIZE                (uint32_t)((*((uint32_t *)FLASHSIZE_BASE)&0xFFFFU) * 1024U)
../Drivers/STM32L1xx_HAL_Driver/Src/stm32l1xx_hal_pwr.c: 1 warning, 0 errors
compiling stm32l1xx_hal_rcc.c...
../Drivers/STM32L1xx_HAL_Driver/Inc/stm32l1xx_hal_flash.h(142): warning:  #47-D: incompatible redefinition of macro "FLASH_SIZE" (declared at line 108 of "../Inc/main.h")
  #define FLASH_SIZE                (uint32_t)((*((uint32_t *)FLASHSIZE_BASE)&0xFFFFU) * 1024U)
../Drivers/STM32L1xx_HAL_Driver/Src/stm32l1xx_hal_rcc.c: 1 warning, 0 errors
compiling stm32l1xx_hal_rcc_ex.c...
../Drivers/STM32L1xx_HAL_Driver/Inc/stm32l1xx_hal_flash.h(142): warning:  #47-D: incompatible redefinition of macro "FLASH_SIZE" (declared at line 108 of "../Inc/main.h")
  #define FLASH_SIZE                (uint32_t)((*((uint32_t *)FLASHSIZE_BASE)&0xFFFFU) * 1024U)
../Drivers/STM32L1xx_HAL_Driver/Src/stm32l1xx_hal_rcc_ex.c: 1 warning, 0 errors
compiling stm32l1xx_hal_dma.c...
../Drivers/STM32L1xx_HAL_Driver/Inc/stm32l1xx_hal_flash.h(142): warning:  #47-D: incompatible redefinition of macro "FLASH_SIZE" (declared at line 108 of "../Inc/main.h")
  #define FLASH_SIZE                (uint32_t)((*((uint32_t *)FLASHSIZE_BASE)&0xFFFFU) * 1024U)
../Drivers/STM32L1xx_HAL_Driver/Src/stm32l1xx_hal_dma.c: 1 warning, 0 errors
compiling stm32l1xx_hal_adc_ex.c...
../Drivers/STM32L1xx_HAL_Driver/Inc/stm32l1xx_hal_flash.h(142): warning:  #47-D: incompatible redefinition of macro "FLASH_SIZE" (declared at line 108 of "../Inc/main.h")
  #define FLASH_SIZE                (uint32_t)((*((uint32_t *)FLASHSIZE_BASE)&0xFFFFU) * 1024U)
../Drivers/STM32L1xx_HAL_Driver/Src/stm32l1xx_hal_adc_ex.c: 1 warning, 0 errors
compiling stm32l1xx_hal.c...
../Drivers/STM32L1xx_HAL_Driver/Inc/stm32l1xx_hal_flash.h(142): warning:  #47-D: incompatible redefinition of macro "FLASH_SIZE" (declared at line 108 of "../Inc/main.h")
  #define FLASH_SIZE                (uint32_t)((*((uint32_t *)FLASHSIZE_BASE)&0xFFFFU) * 1024U)
../Drivers/STM32L1xx_HAL_Driver/Src/stm32l1xx_hal.c: 1 warning, 0 errors
compiling stm32l1xx_hal_pwr_ex.c...
../Drivers/STM32L1xx_HAL_Driver/Inc/stm32l1xx_hal_flash.h(142): warning:  #47-D: incompatible redefinition of macro "FLASH_SIZE" (declared at line 108 of "../Inc/main.h")
  #define FLASH_SIZE                (uint32_t)((*((uint32_t *)FLASHSIZE_BASE)&0xFFFFU) * 1024U)
../Drivers/STM32L1xx_HAL_Driver/Src/stm32l1xx_hal_pwr_ex.c: 1 warning, 0 errors
compiling stm32l1xx_hal_pcd_ex.c...
../Drivers/STM32L1xx_HAL_Driver/Inc/stm32l1xx_hal_flash.h(142): warning:  #47-D: incompatible redefinition of macro "FLASH_SIZE" (declared at line 108 of "../Inc/main.h")
  #define FLASH_SIZE                (uint32_t)((*((uint32_t *)FLASHSIZE_BASE)&0xFFFFU) * 1024U)
../Drivers/STM32L1xx_HAL_Driver/Src/stm32l1xx_hal_pcd_ex.c: 1 warning, 0 errors
compiling stm32l1xx_hal_i2c.c...
../Drivers/STM32L1xx_HAL_Driver/Inc/stm32l1xx_hal_flash.h(142): warning:  #47-D: incompatible redefinition of macro "FLASH_SIZE" (declared at line 108 of "../Inc/main.h")
  #define FLASH_SIZE                (uint32_t)((*((uint32_t *)FLASHSIZE_BASE)&0xFFFFU) * 1024U)
../Drivers/STM32L1xx_HAL_Driver/Src/stm32l1xx_hal_i2c.c: 1 warning, 0 errors
compiling stm32l1xx_hal_cortex.c...
../Drivers/STM32L1xx_HAL_Driver/Inc/stm32l1xx_hal_flash.h(142): warning:  #47-D: incompatible redefinition of macro "FLASH_SIZE" (declared at line 108 of "../Inc/main.h")
  #define FLASH_SIZE                (uint32_t)((*((uint32_t *)FLASHSIZE_BASE)&0xFFFFU) * 1024U)
../Drivers/STM32L1xx_HAL_Driver/Src/stm32l1xx_hal_cortex.c: 1 warning, 0 errors
compiling stm32l1xx_hal_flash.c...
../Drivers/STM32L1xx_HAL_Driver/Inc/stm32l1xx_hal_flash.h(142): warning:  #47-D: incompatible redefinition of macro "FLASH_SIZE" (declared at line 108 of "../Inc/main.h")
  #define FLASH_SIZE                (uint32_t)((*((uint32_t *)FLASHSIZE_BASE)&0xFFFFU) * 1024U)
../Drivers/STM32L1xx_HAL_Driver/Src/stm32l1xx_hal_flash.c: 1 warning, 0 errors
compiling stm32l1xx_hal_flash_ex.c...
../Drivers/STM32L1xx_HAL_Driver/Inc/stm32l1xx_hal_flash.h(142): warning:  #47-D: incompatible redefinition of macro "FLASH_SIZE" (declared at line 108 of "../Inc/main.h")
  #define FLASH_SIZE                (uint32_t)((*((uint32_t *)FLASHSIZE_BASE)&0xFFFFU) * 1024U)
../Drivers/STM32L1xx_HAL_Driver/Src/stm32l1xx_hal_flash_ex.c: 1 warning, 0 errors
assembling startup_stm32l152xb.s...
compiling main.c...
../Drivers/STM32L1xx_HAL_Driver/Inc/stm32l1xx_hal_flash.h(142): warning:  #47-D: incompatible redefinition of macro "FLASH_SIZE" (declared at line 108 of "../Inc/main.h")
  #define FLASH_SIZE                (uint32_t)((*((uint32_t *)FLASHSIZE_BASE)&0xFFFFU) * 1024U)
../Src/main.c(382): warning:  #177-D: variable "kA" was declared but never referenced
                float kA = -2327;
../Src/main.c(383): warning:  #177-D: variable "kA1" was declared but never referenced
                float kA1 = -2.327;
../Src/main.c(384): warning:  #177-D: variable "kB" was declared but never referenced
                float kB = 241500;
../Src/main.c(385): warning:  #177-D: variable "kB1" was declared but never referenced
                float kB1 = 241.5;
../Src/main.c(528): warning:  #550-D: variable "is_alarm" was set but never used
                        bool is_alarm = false;
../Src/main.c(634): warning:  #223-D: function "FLASH_PageErase" declared implicitly
                        FLASH_PageErase(FLASH_LOCATION + (FLASH_PAGE_SIZE * EraseCounter));
../Src/main.c(747): warning:  #177-D: variable "isRidgeEn" was declared but never referenced
  static bool isRidgeEn = false;
../Src/main.c: 8 warnings, 0 errors
compiling usbd_conf.c...
../Drivers/STM32L1xx_HAL_Driver/Inc/stm32l1xx_hal_flash.h(142): warning:  #47-D: incompatible redefinition of macro "FLASH_SIZE" (declared at line 108 of "../Inc/main.h")
  #define FLASH_SIZE                (uint32_t)((*((uint32_t *)FLASHSIZE_BASE)&0xFFFFU) * 1024U)
../Src/usbd_conf.c: 1 warning, 0 errors
compiling stm32l1xx_it.c...
../Drivers/STM32L1xx_HAL_Driver/Inc/stm32l1xx_hal_flash.h(142): warning:  #47-D: incompatible redefinition of macro "FLASH_SIZE" (declared at line 108 of "../Inc/main.h")
  #define FLASH_SIZE                (uint32_t)((*((uint32_t *)FLASHSIZE_BASE)&0xFFFFU) * 1024U)
../Src/stm32l1xx_it.c: 1 warning, 0 errors
compiling usb_device.c...
../Drivers/STM32L1xx_HAL_Driver/Inc/stm32l1xx_hal_flash.h(142): warning:  #47-D: incompatible redefinition of macro "FLASH_SIZE" (declared at line 108 of "../Inc/main.h")
  #define FLASH_SIZE                (uint32_t)((*((uint32_t *)FLASHSIZE_BASE)&0xFFFFU) * 1024U)
../Src/usb_device.c: 1 warning, 0 errors
compiling gpio.c...
../Drivers/STM32L1xx_HAL_Driver/Inc/stm32l1xx_hal_flash.h(142): warning:  #47-D: incompatible redefinition of macro "FLASH_SIZE" (declared at line 108 of "../Inc/main.h")
  #define FLASH_SIZE                (uint32_t)((*((uint32_t *)FLASHSIZE_BASE)&0xFFFFU) * 1024U)
../Src/gpio.c: 1 warning, 0 errors
compiling usbd_cdc_if.c...
../Drivers/STM32L1xx_HAL_Driver/Inc/stm32l1xx_hal_flash.h(142): warning:  #47-D: incompatible redefinition of macro "FLASH_SIZE" (declared at line 108 of "../Inc/main.h")
  #define FLASH_SIZE                (uint32_t)((*((uint32_t *)FLASHSIZE_BASE)&0xFFFFU) * 1024U)
../Src/usbd_cdc_if.c: 1 warning, 0 errors
compiling usbd_desc.c...
../Drivers/STM32L1xx_HAL_Driver/Inc/stm32l1xx_hal_flash.h(142): warning:  #47-D: incompatible redefinition of macro "FLASH_SIZE" (declared at line 108 of "../Inc/main.h")
  #define FLASH_SIZE                (uint32_t)((*((uint32_t *)FLASHSIZE_BASE)&0xFFFFU) * 1024U)
../Src/usbd_desc.c: 1 warning, 0 errors
compiling adc.c...
../Drivers/STM32L1xx_HAL_Driver/Inc/stm32l1xx_hal_flash.h(142): warning:  #47-D: incompatible redefinition of macro "FLASH_SIZE" (declared at line 108 of "../Inc/main.h")
  #define FLASH_SIZE                (uint32_t)((*((uint32_t *)FLASHSIZE_BASE)&0xFFFFU) * 1024U)
../Src/adc.c: 1 warning, 0 errors
compiling dma.c...
../Drivers/STM32L1xx_HAL_Driver/Inc/stm32l1xx_hal_flash.h(142): warning:  #47-D: incompatible redefinition of macro "FLASH_SIZE" (declared at line 108 of "../Inc/main.h")
  #define FLASH_SIZE                (uint32_t)((*((uint32_t *)FLASHSIZE_BASE)&0xFFFFU) * 1024U)
../Src/dma.c: 1 warning, 0 errors
compiling usart.c...
../Drivers/STM32L1xx_HAL_Driver/Inc/stm32l1xx_hal_flash.h(142): warning:  #47-D: incompatible redefinition of macro "FLASH_SIZE" (declared at line 108 of "../Inc/main.h")
  #define FLASH_SIZE                (uint32_t)((*((uint32_t *)FLASHSIZE_BASE)&0xFFFFU) * 1024U)
../Src/usart.c: 1 warning, 0 errors
compiling tim.c...
../Drivers/STM32L1xx_HAL_Driver/Inc/stm32l1xx_hal_flash.h(142): warning:  #47-D: incompatible redefinition of macro "FLASH_SIZE" (declared at line 108 of "../Inc/main.h")
  #define FLASH_SIZE                (uint32_t)((*((uint32_t *)FLASHSIZE_BASE)&0xFFFFU) * 1024U)
../Src/tim.c: 1 warning, 0 errors
compiling stm32l1xx_hal_msp.c...
../Drivers/STM32L1xx_HAL_Driver/Inc/stm32l1xx_hal_flash.h(142): warning:  #47-D: incompatible redefinition of macro "FLASH_SIZE" (declared at line 108 of "../Inc/main.h")
  #define FLASH_SIZE                (uint32_t)((*((uint32_t *)FLASHSIZE_BASE)&0xFFFFU) * 1024U)
../Src/stm32l1xx_hal_msp.c: 1 warning, 0 errors
compiling i2c.c...
../Drivers/STM32L1xx_HAL_Driver/Inc/stm32l1xx_hal_flash.h(142): warning:  #47-D: incompatible redefinition of macro "FLASH_SIZE" (declared at line 108 of "../Inc/main.h")
  #define FLASH_SIZE                (uint32_t)((*((uint32_t *)FLASHSIZE_BASE)&0xFFFFU) * 1024U)
../Src/i2c.c(199): warning:  #940-D: missing return statement at end of non-void function "I2C_StartTransmission"
  };
../Src/i2c.c: 2 warnings, 0 errors
compiling crc16.c...
compiling mb.c...
compiling mb_slave.c...
compiling modbus_config.c...
../Drivers/STM32L1xx_HAL_Driver/Inc/stm32l1xx_hal_flash.h(142): warning:  #47-D: incompatible redefinition of macro "FLASH_SIZE" (declared at line 108 of "../Inc/main.h")
  #define FLASH_SIZE                (uint32_t)((*((uint32_t *)FLASHSIZE_BASE)&0xFFFFU) * 1024U)
..\Src\modbus_config.c: 1 warning, 0 errors
linking...
Program Size: Code=25260 RO-data=1336 RW-data=564 ZI-data=4148  
"MobDet_V2\MobDet_V2.axf" - 0 Error(s), 47 Warning(s).

<h2>Software Packages used:</h2>

Package Vendor: ARM
                http://www.keil.com/pack/ARM.CMSIS.5.0.1.pack
                ARM::CMSIS:CORE:5.0.1
                CMSIS (Cortex Microcontroller Software Interface Standard)
   * Component: CORE Version: 5.0.1

<h2>Collection of Component include folders:</h2>
  D:\work\Keil\mobiledetector\MobileDetector_v2_cube\MobDet_V2\MDK-ARM\RTE
  C:\Keil_v5\ARM\PACK\ARM\CMSIS\5.0.1\CMSIS\Include
  C:\Keil_v5\ARM\PACK\Keil\STM32L1xx_DFP\1.2.0\Device\Include

<h2>Collection of Component Files used:</h2>

   * Component: ARM::CMSIS:CORE:5.0.1
Build Time Elapsed:  00:00:53
</pre>
</body>
</html>
