Component: ARM Compiler 5.06 update 1 (build 61) Tool: armlink [4d35a8]

==============================================================================

Section Cross References

    usbd_ctlreq.o(i.USBD_ClrFeature) refers to usbd_ctlreq.o(i.USBD_CtlError) for USBD_CtlError
    usbd_ctlreq.o(i.USBD_ClrFeature) refers to usbd_ioreq.o(i.USBD_CtlSendStatus) for USBD_CtlSendStatus
    usbd_ctlreq.o(i.USBD_CtlError) refers to usbd_conf.o(i.USBD_LL_StallEP) for USBD_LL_StallEP
    usbd_ctlreq.o(i.USBD_GetConfig) refers to usbd_ctlreq.o(i.USBD_CtlError) for USBD_CtlError
    usbd_ctlreq.o(i.USBD_GetConfig) refers to usbd_ioreq.o(i.USBD_CtlSendData) for USBD_CtlSendData
    usbd_ctlreq.o(i.USBD_GetDescriptor) refers to usbd_ctlreq.o(i.USBD_CtlError) for USBD_CtlError
    usbd_ctlreq.o(i.USBD_GetDescriptor) refers to usbd_ioreq.o(i.USBD_CtlSendData) for USBD_CtlSendData
    usbd_ctlreq.o(i.USBD_GetStatus) refers to usbd_ctlreq.o(i.USBD_CtlError) for USBD_CtlError
    usbd_ctlreq.o(i.USBD_GetStatus) refers to usbd_ioreq.o(i.USBD_CtlSendData) for USBD_CtlSendData
    usbd_ctlreq.o(i.USBD_GetString) refers to usbd_ctlreq.o(i.USBD_GetLen) for USBD_GetLen
    usbd_ctlreq.o(i.USBD_SetAddress) refers to usbd_ctlreq.o(i.USBD_CtlError) for USBD_CtlError
    usbd_ctlreq.o(i.USBD_SetAddress) refers to usbd_conf.o(i.USBD_LL_SetUSBAddress) for USBD_LL_SetUSBAddress
    usbd_ctlreq.o(i.USBD_SetAddress) refers to usbd_ioreq.o(i.USBD_CtlSendStatus) for USBD_CtlSendStatus
    usbd_ctlreq.o(i.USBD_SetConfig) refers to usbd_ctlreq.o(i.USBD_CtlError) for USBD_CtlError
    usbd_ctlreq.o(i.USBD_SetConfig) refers to usbd_core.o(i.USBD_SetClassConfig) for USBD_SetClassConfig
    usbd_ctlreq.o(i.USBD_SetConfig) refers to usbd_ioreq.o(i.USBD_CtlSendStatus) for USBD_CtlSendStatus
    usbd_ctlreq.o(i.USBD_SetConfig) refers to usbd_core.o(i.USBD_ClrClassConfig) for USBD_ClrClassConfig
    usbd_ctlreq.o(i.USBD_SetConfig) refers to usbd_ctlreq.o(.data) for .data
    usbd_ctlreq.o(i.USBD_SetFeature) refers to usbd_ioreq.o(i.USBD_CtlSendStatus) for USBD_CtlSendStatus
    usbd_ctlreq.o(i.USBD_StdDevReq) refers to usbd_ctlreq.o(i.USBD_GetDescriptor) for USBD_GetDescriptor
    usbd_ctlreq.o(i.USBD_StdDevReq) refers to usbd_ctlreq.o(i.USBD_SetAddress) for USBD_SetAddress
    usbd_ctlreq.o(i.USBD_StdDevReq) refers to usbd_ctlreq.o(i.USBD_SetConfig) for USBD_SetConfig
    usbd_ctlreq.o(i.USBD_StdDevReq) refers to usbd_ctlreq.o(i.USBD_GetConfig) for USBD_GetConfig
    usbd_ctlreq.o(i.USBD_StdDevReq) refers to usbd_ctlreq.o(i.USBD_GetStatus) for USBD_GetStatus
    usbd_ctlreq.o(i.USBD_StdDevReq) refers to usbd_ctlreq.o(i.USBD_SetFeature) for USBD_SetFeature
    usbd_ctlreq.o(i.USBD_StdDevReq) refers to usbd_ctlreq.o(i.USBD_ClrFeature) for USBD_ClrFeature
    usbd_ctlreq.o(i.USBD_StdDevReq) refers to usbd_ctlreq.o(i.USBD_CtlError) for USBD_CtlError
    usbd_ctlreq.o(i.USBD_StdEPReq) refers to usbd_ctlreq.o(i.USBD_CtlError) for USBD_CtlError
    usbd_ctlreq.o(i.USBD_StdEPReq) refers to usbd_conf.o(i.USBD_LL_StallEP) for USBD_LL_StallEP
    usbd_ctlreq.o(i.USBD_StdEPReq) refers to usbd_ioreq.o(i.USBD_CtlSendStatus) for USBD_CtlSendStatus
    usbd_ctlreq.o(i.USBD_StdEPReq) refers to usbd_conf.o(i.USBD_LL_ClearStallEP) for USBD_LL_ClearStallEP
    usbd_ctlreq.o(i.USBD_StdEPReq) refers to usbd_conf.o(i.USBD_LL_IsStallEP) for USBD_LL_IsStallEP
    usbd_ctlreq.o(i.USBD_StdEPReq) refers to usbd_ioreq.o(i.USBD_CtlSendData) for USBD_CtlSendData
    usbd_ctlreq.o(i.USBD_StdItfReq) refers to usbd_ctlreq.o(i.USBD_CtlError) for USBD_CtlError
    usbd_ctlreq.o(i.USBD_StdItfReq) refers to usbd_ioreq.o(i.USBD_CtlSendStatus) for USBD_CtlSendStatus
    usbd_ioreq.o(i.USBD_CtlContinueRx) refers to usbd_conf.o(i.USBD_LL_PrepareReceive) for USBD_LL_PrepareReceive
    usbd_ioreq.o(i.USBD_CtlContinueSendData) refers to usbd_conf.o(i.USBD_LL_Transmit) for USBD_LL_Transmit
    usbd_ioreq.o(i.USBD_CtlPrepareRx) refers to usbd_conf.o(i.USBD_LL_PrepareReceive) for USBD_LL_PrepareReceive
    usbd_ioreq.o(i.USBD_CtlReceiveStatus) refers to usbd_conf.o(i.USBD_LL_PrepareReceive) for USBD_LL_PrepareReceive
    usbd_ioreq.o(i.USBD_CtlSendData) refers to usbd_conf.o(i.USBD_LL_Transmit) for USBD_LL_Transmit
    usbd_ioreq.o(i.USBD_CtlSendStatus) refers to usbd_conf.o(i.USBD_LL_Transmit) for USBD_LL_Transmit
    usbd_ioreq.o(i.USBD_GetRxCount) refers to usbd_conf.o(i.USBD_LL_GetRxDataSize) for USBD_LL_GetRxDataSize
    usbd_cdc.o(i.USBD_CDC_DataOut) refers to usbd_conf.o(i.USBD_LL_GetRxDataSize) for USBD_LL_GetRxDataSize
    usbd_cdc.o(i.USBD_CDC_DeInit) refers to usbd_conf.o(i.USBD_LL_CloseEP) for USBD_LL_CloseEP
    usbd_cdc.o(i.USBD_CDC_DeInit) refers to usbd_conf.o(i.USBD_static_free) for USBD_static_free
    usbd_cdc.o(i.USBD_CDC_GetDeviceQualifierDescriptor) refers to usbd_cdc.o(.data) for .data
    usbd_cdc.o(i.USBD_CDC_GetFSCfgDesc) refers to usbd_cdc.o(.data) for .data
    usbd_cdc.o(i.USBD_CDC_GetHSCfgDesc) refers to usbd_cdc.o(.data) for .data
[...]
    i.MX_ADC_Init                            0x08003d90   Section        0  adc.o(i.MX_ADC_Init)
    i.MX_DMA_Init                            0x08003e18   Section        0  dma.o(i.MX_DMA_Init)
    i.MX_GPIO_Init                           0x08003e44   Section        0  gpio.o(i.MX_GPIO_Init)
    i.MX_I2C2_Init                           0x08003f54   Section        0  i2c.o(i.MX_I2C2_Init)
    i.MX_TIM3_Init                           0x08003fa8   Section        0  tim.o(i.MX_TIM3_Init)
    i.MX_TIM4_Init                           0x08004018   Section        0  tim.o(i.MX_TIM4_Init)
    i.MX_USART1_UART_Init                    0x08004088   Section        0  usart.o(i.MX_USART1_UART_Init)
    i.MX_USB_DEVICE_Init                     0x080040d4   Section        0  usb_device.o(i.MX_USB_DEVICE_Init)
    i.MemManage_Handler                      0x0800410c   Section        0  stm32l1xx_it.o(i.MemManage_Handler)
    i.NMI_Handler                            0x0800410e   Section        0  stm32l1xx_it.o(i.NMI_Handler)
    i.NVIC_SetPriority                       0x08004110   Section        0  stm32l1xx_hal_cortex.o(i.NVIC_SetPriority)
    NVIC_SetPriority                         0x08004111   Thumb Code    32  stm32l1xx_hal_cortex.o(i.NVIC_SetPriority)
    i.PCD_EP_ISR_Handler                     0x08004130   Section        0  stm32l1xx_hal_pcd.o(i.PCD_EP_ISR_Handler)
    PCD_EP_ISR_Handler                       0x08004131   Thumb Code   880  stm32l1xx_hal_pcd.o(i.PCD_EP_ISR_Handler)
    i.PCD_ReadPMA                            0x080044a0   Section        0  stm32l1xx_hal_pcd.o(i.PCD_ReadPMA)
    PCD_ReadPMA                              0x080044a1   Thumb Code    44  stm32l1xx_hal_pcd.o(i.PCD_ReadPMA)
    i.PCD_WritePMA                           0x080044cc   Section        0  stm32l1xx_hal_pcd.o(i.PCD_WritePMA)
    PCD_WritePMA                             0x080044cd   Thumb Code    40  stm32l1xx_hal_pcd.o(i.PCD_WritePMA)
    i.PendSV_Handler                         0x080044f4   Section        0  stm32l1xx_it.o(i.PendSV_Handler)
    i.RCC_SetFlashLatencyFromMSIRange        0x080044f8   Section        0  stm32l1xx_hal_rcc.o(i.RCC_SetFlashLatencyFromMSIRange)
    RCC_SetFlashLatencyFromMSIRange          0x080044f9   Thumb Code   120  stm32l1xx_hal_rcc.o(i.RCC_SetFlashLatencyFromMSIRange)
    i.ResetFilter_data                       0x0800457c   Section        0  main.o(i.ResetFilter_data)
    i.SVC_Handler                            0x0800458c   Section        0  stm32l1xx_it.o(i.SVC_Handler)
    i.SetDutyCycle                           0x0800458e   Section        0  tim.o(i.SetDutyCycle)
    i.SetPeriod                              0x080045a0   Section        0  tim.o(i.SetPeriod)
    i.SysTick_Handler                        0x080045d0   Section        0  stm32l1xx_it.o(i.SysTick_Handler)
    i.SystemClock_Config                     0x080045e0   Section        0  main.o(i.SystemClock_Config)
    i.SystemInit                             0x08004680   Section        0  system_stm32l1xx.o(i.SystemInit)
    i.TIM3_IRQHandler                        0x080046d0   Section        0  main.o(i.TIM3_IRQHandler)
    i.TIM4_IRQHandler                        0x080046e8   Section        0  main.o(i.TIM4_IRQHandler)
    i.TIM_Base_SetConfig                     0x08004718   Section        0  stm32l1xx_hal_tim.o(i.TIM_Base_SetConfig)
    TIM_Base_SetConfig                       0x08004719   Thumb Code    86  stm32l1xx_hal_tim.o(i.TIM_Base_SetConfig)
    i.TIM_ETR_SetConfig                      0x08004784   Section        0  stm32l1xx_hal_tim.o(i.TIM_ETR_SetConfig)
    TIM_ETR_SetConfig                        0x08004785   Thumb Code    20  stm32l1xx_hal_tim.o(i.TIM_ETR_SetConfig)
    i.TIM_ITRx_SetConfig                     0x08004798   Section        0  stm32l1xx_hal_tim.o(i.TIM_ITRx_SetConfig)
    TIM_ITRx_SetConfig                       0x08004799   Thumb Code    16  stm32l1xx_hal_tim.o(i.TIM_ITRx_SetConfig)
    i.TIM_TI1_ConfigInputStage               0x080047a8   Section        0  stm32l1xx_hal_tim.o(i.TIM_TI1_ConfigInputStage)
    TIM_TI1_ConfigInputStage                 0x080047a9   Thumb Code    34  stm32l1xx_hal_tim.o(i.TIM_TI1_ConfigInputStage)
    i.TIM_TI2_ConfigInputStage               0x080047ca   Section        0  stm32l1xx_hal_tim.o(i.TIM_TI2_ConfigInputStage)
    TIM_TI2_ConfigInputStage                 0x080047cb   Thumb Code    36  stm32l1xx_hal_tim.o(i.TIM_TI2_ConfigInputStage)
    i.UART_EndTransmit_IT                    0x080047ee   Section        0  stm32l1xx_hal_uart.o(i.UART_EndTransmit_IT)
    UART_EndTransmit_IT                      0x080047ef   Thumb Code    42  stm32l1xx_hal_uart.o(i.UART_EndTransmit_IT)
    i.UART_SetConfig                         0x08004818   Section        0  stm32l1xx_hal_uart.o(i.UART_SetConfig)
    UART_SetConfig                           0x08004819   Thumb Code   770  stm32l1xx_hal_uart.o(i.UART_SetConfig)
    i.UART_Transmit_IT                       0x08004b20   Section        0  stm32l1xx_hal_uart.o(i.UART_Transmit_IT)
    UART_Transmit_IT                         0x08004b21   Thumb Code   106  stm32l1xx_hal_uart.o(i.UART_Transmit_IT)
    i.USART1_IRQHandler                      0x08004b8c   Section        0  stm32l1xx_it.o(i.USART1_IRQHandler)
    i.USBD_CDC_DataIn                        0x08004b98   Section        0  usbd_cdc.o(i.USBD_CDC_DataIn)
    USBD_CDC_DataIn                          0x08004b99   Thumb Code    22  usbd_cdc.o(i.USBD_CDC_DataIn)
    i.USBD_CDC_DataOut                       0x08004bae   Section        0  usbd_cdc.o(i.USBD_CDC_DataOut)
    USBD_CDC_DataOut                         0x08004baf   Thumb Code    48  usbd_cdc.o(i.USBD_CDC_DataOut)
    i.USBD_CDC_DeInit                        0x08004bde   Section        0  usbd_cdc.o(i.USBD_CDC_DeInit)
    USBD_CDC_DeInit                          0x08004bdf   Thumb Code    60  usbd_cdc.o(i.USBD_CDC_DeInit)
    i.USBD_CDC_EP0_RxReady                   0x08004c1a   Section        0  usbd_cdc.o(i.USBD_CDC_EP0_RxReady)
    USBD_CDC_EP0_RxReady                     0x08004c1b   Thumb Code    42  usbd_cdc.o(i.USBD_CDC_EP0_RxReady)
    i.USBD_CDC_GetDeviceQualifierDescriptor  0x08004c44   Section        0  usbd_cdc.o(i.USBD_CDC_GetDeviceQualifierDescriptor)
    i.USBD_CDC_GetFSCfgDesc                  0x08004c50   Section        0  usbd_cdc.o(i.USBD_CDC_GetFSCfgDesc)
    USBD_CDC_GetFSCfgDesc                    0x08004c51   Thumb Code     8  usbd_cdc.o(i.USBD_CDC_GetFSCfgDesc)
    i.USBD_CDC_GetHSCfgDesc                  0x08004c5c   Section        0  usbd_cdc.o(i.USBD_CDC_GetHSCfgDesc)
    USBD_CDC_GetHSCfgDesc                    0x08004c5d   Thumb Code     8  usbd_cdc.o(i.USBD_CDC_GetHSCfgDesc)
    i.USBD_CDC_GetOtherSpeedCfgDesc          0x08004c68   Section        0  usbd_cdc.o(i.USBD_CDC_GetOtherSpeedCfgDesc)
    USBD_CDC_GetOtherSpeedCfgDesc            0x08004c69   Thumb Code     8  usbd_cdc.o(i.USBD_CDC_GetOtherSpeedCfgDesc)
    i.USBD_CDC_Init                          0x08004c74   Section        0  usbd_cdc.o(i.USBD_CDC_Init)
    USBD_CDC_Init                            0x08004c75   Thumb Code   158  usbd_cdc.o(i.USBD_CDC_Init)
    i.USBD_CDC_ReceivePacket                 0x08004d12   Section        0  usbd_cdc.o(i.USBD_CDC_ReceivePacket)
    i.USBD_CDC_RegisterInterface             0x08004d44   Section        0  usbd_cdc.o(i.USBD_CDC_RegisterInterface)
    i.USBD_CDC_SetRxBuffer                   0x08004d54   Section        0  usbd_cdc.o(i.USBD_CDC_SetRxBuffer)
    i.USBD_CDC_SetTxBuffer                   0x08004d60   Section        0  usbd_cdc.o(i.USBD_CDC_SetTxBuffer)
    i.USBD_CDC_Setup                         0x08004d70   Section        0  usbd_cdc.o(i.USBD_CDC_Setup)
    USBD_CDC_Setup                           0x08004d71   Thumb Code   114  usbd_cdc.o(i.USBD_CDC_Setup)
    i.USBD_CDC_TransmitPacket                0x08004de8   Section        0  usbd_cdc.o(i.USBD_CDC_TransmitPacket)
    i.USBD_ClrClassConfig                    0x08004e18   Section        0  usbd_core.o(i.USBD_ClrClassConfig)
    i.USBD_ClrFeature                        0x08004e26   Section        0  usbd_ctlreq.o(i.USBD_ClrFeature)
    USBD_ClrFeature                          0x08004e27   Thumb Code    60  usbd_ctlreq.o(i.USBD_ClrFeature)
    i.USBD_CtlContinueRx                     0x08004e62   Section        0  usbd_ioreq.o(i.USBD_CtlContinueRx)
    i.USBD_CtlContinueSendData               0x08004e72   Section        0  usbd_ioreq.o(i.USBD_CtlContinueSendData)
    i.USBD_CtlError                          0x08004e82   Section        0  usbd_ctlreq.o(i.USBD_CtlError)
    i.USBD_CtlPrepareRx                      0x08004e9a   Section        0  usbd_ioreq.o(i.USBD_CtlPrepareRx)
    i.USBD_CtlReceiveStatus                  0x08004eb8   Section        0  usbd_ioreq.o(i.USBD_CtlReceiveStatus)
    i.USBD_CtlSendData                       0x08004ece   Section        0  usbd_ioreq.o(i.USBD_CtlSendData)
    i.USBD_CtlSendStatus                     0x08004ee8   Section        0  usbd_ioreq.o(i.USBD_CtlSendStatus)
    i.USBD_FS_ConfigStrDescriptor            0x08004f00   Section        0  usbd_desc.o(i.USBD_FS_ConfigStrDescriptor)
    i.USBD_FS_DeviceDescriptor               0x08004f30   Section        0  usbd_desc.o(i.USBD_FS_DeviceDescriptor)
    i.USBD_FS_InterfaceStrDescriptor         0x08004f3c   Section        0  usbd_desc.o(i.USBD_FS_InterfaceStrDescriptor)
    i.USBD_FS_LangIDStrDescriptor            0x08004f70   Section        0  usbd_desc.o(i.USBD_FS_LangIDStrDescriptor)
    i.USBD_FS_ManufacturerStrDescriptor      0x08004f7c   Section        0  usbd_desc.o(i.USBD_FS_ManufacturerStrDescriptor)
    i.USBD_FS_ProductStrDescriptor           0x08004fa4   Section        0  usbd_desc.o(i.USBD_FS_ProductStrDescriptor)
    i.USBD_FS_SerialStrDescriptor            0x08004fe0   Section        0  usbd_desc.o(i.USBD_FS_SerialStrDescriptor)
    i.USBD_GetConfig                         0x08005014   Section        0  usbd_ctlreq.o(i.USBD_GetConfig)
    USBD_GetConfig                           0x08005015   Thumb Code    48  usbd_ctlreq.o(i.USBD_GetConfig)
    i.USBD_GetDescriptor                     0x08005044   Section        0  usbd_ctlreq.o(i.USBD_GetDescriptor)
    USBD_GetDescriptor                       0x08005045   Thumb Code   302  usbd_ctlreq.o(i.USBD_GetDescriptor)
    i.USBD_GetLen                            0x08005172   Section        0  usbd_ctlreq.o(i.USBD_GetLen)
    USBD_GetLen                              0x08005173   Thumb Code    20  usbd_ctlreq.o(i.USBD_GetLen)
    i.USBD_GetStatus                         0x08005186   Section        0  usbd_ctlreq.o(i.USBD_GetStatus)
    USBD_GetStatus                           0x08005187   Thumb Code    40  usbd_ctlreq.o(i.USBD_GetStatus)
    i.USBD_GetString                         0x080051ae   Section        0  usbd_ctlreq.o(i.USBD_GetString)
    i.USBD_Init                              0x080051ea   Section        0  usbd_core.o(i.USBD_Init)
    i.USBD_LL_ClearStallEP                   0x08005216   Section        0  usbd_conf.o(i.USBD_LL_ClearStallEP)
    i.USBD_LL_CloseEP                        0x08005242   Section        0  usbd_conf.o(i.USBD_LL_CloseEP)
    i.USBD_LL_DataInStage                    0x0800526e   Section        0  usbd_core.o(i.USBD_LL_DataInStage)
    i.USBD_LL_DataOutStage                   0x08005328   Section        0  usbd_core.o(i.USBD_LL_DataOutStage)
    i.USBD_LL_GetRxDataSize                  0x08005394   Section        0  usbd_conf.o(i.USBD_LL_GetRxDataSize)
    i.USBD_LL_Init                           0x0800539c   Section        0  usbd_conf.o(i.USBD_LL_Init)
    i.USBD_LL_IsStallEP                      0x08005438   Section        0  usbd_conf.o(i.USBD_LL_IsStallEP)
    i.USBD_LL_OpenEP                         0x08005458   Section        0  usbd_conf.o(i.USBD_LL_OpenEP)
    i.USBD_LL_PrepareReceive                 0x0800548a   Section        0  usbd_conf.o(i.USBD_LL_PrepareReceive)
    i.USBD_LL_Reset                          0x080054b6   Section        0  usbd_core.o(i.USBD_LL_Reset)
    i.USBD_LL_Resume                         0x080054f6   Section        0  usbd_core.o(i.USBD_LL_Resume)
    i.USBD_LL_SOF                            0x08005502   Section        0  usbd_core.o(i.USBD_LL_SOF)
    i.USBD_LL_SetSpeed                       0x0800551a   Section        0  usbd_core.o(i.USBD_LL_SetSpeed)
    i.USBD_LL_SetUSBAddress                  0x08005520   Section        0  usbd_conf.o(i.USBD_LL_SetUSBAddress)
    i.USBD_LL_SetupStage                     0x0800554c   Section        0  usbd_core.o(i.USBD_LL_SetupStage)
    i.USBD_LL_StallEP                        0x080055a6   Section        0  usbd_conf.o(i.USBD_LL_StallEP)
    i.USBD_LL_Start                          0x080055d2   Section        0  usbd_conf.o(i.USBD_LL_Start)
    i.USBD_LL_Suspend                        0x080055fe   Section        0  usbd_core.o(i.USBD_LL_Suspend)
    i.USBD_LL_Transmit                       0x0800560e   Section        0  usbd_conf.o(i.USBD_LL_Transmit)
    i.USBD_ParseSetupRequest                 0x0800563a   Section        0  usbd_ctlreq.o(i.USBD_ParseSetupRequest)
    i.USBD_RegisterClass                     0x08005662   Section        0  usbd_core.o(i.USBD_RegisterClass)
    i.USBD_RunTestMode                       0x08005674   Section        0  usbd_core.o(i.USBD_RunTestMode)
    i.USBD_SetAddress                        0x08005678   Section        0  usbd_ctlreq.o(i.USBD_SetAddress)
    USBD_SetAddress                          0x08005679   Thumb Code    84  usbd_ctlreq.o(i.USBD_SetAddress)
    i.USBD_SetClassConfig                    0x080056cc   Section        0  usbd_core.o(i.USBD_SetClassConfig)
    i.USBD_SetConfig                         0x080056e4   Section        0  usbd_ctlreq.o(i.USBD_SetConfig)
    USBD_SetConfig                           0x080056e5   Thumb Code   190  usbd_ctlreq.o(i.USBD_SetConfig)
    i.USBD_SetFeature                        0x080057a8   Section        0  usbd_ctlreq.o(i.USBD_SetFeature)
    USBD_SetFeature                          0x080057a9   Thumb Code    36  usbd_ctlreq.o(i.USBD_SetFeature)
    i.USBD_Start                             0x080057cc   Section        0  usbd_core.o(i.USBD_Start)
    i.USBD_StdDevReq                         0x080057d6   Section        0  usbd_ctlreq.o(i.USBD_StdDevReq)
    i.USBD_StdEPReq                          0x08005820   Section        0  usbd_ctlreq.o(i.USBD_StdEPReq)
    i.USBD_StdItfReq                         0x08005940   Section        0  usbd_ctlreq.o(i.USBD_StdItfReq)
    i.USBD_static_free                       0x08005984   Section        0  usbd_conf.o(i.USBD_static_free)
    i.USBD_static_malloc                     0x08005988   Section        0  usbd_conf.o(i.USBD_static_malloc)
    i.USB_LP_IRQHandler                      0x08005990   Section        0  stm32l1xx_it.o(i.USB_LP_IRQHandler)
    i.UsageFault_Handler                     0x0800599c   Section        0  stm32l1xx_it.o(i.UsageFault_Handler)
    i.WriteCrc16                             0x0800599e   Section        0  crc16.o(i.WriteCrc16)
    i._Error_Handler                         0x080059b6   Section        0  main.o(i._Error_Handler)
    i.__scatterload_copy                     0x080059b8   Section       14  handlers.o(i.__scatterload_copy)
    i.__scatterload_null                     0x080059c6   Section        2  handlers.o(i.__scatterload_null)
    i.__scatterload_zeroinit                 0x080059c8   Section       14  handlers.o(i.__scatterload_zeroinit)
    i.get_sens_data                          0x080059d8   Section        0  main.o(i.get_sens_data)
    i.main                                   0x08005c00   Section        0  main.o(i.main)
    i.mb_event                               0x08005dc8   Section        0  modbus_config.o(i.mb_event)
    i.mb_read_registers                      0x08005e00   Section        0  main.o(i.mb_read_registers)
    i.mb_slave_init                          0x08005ea4   Section        0  mb_slave.o(i.mb_slave_init)
    i.mb_slave_parse_packet                  0x08005f5c   Section        0  mb_slave.o(i.mb_slave_parse_packet)
    i.mb_slave_recive                        0x0800613c   Section        0  mb_slave.o(i.mb_slave_recive)
    i.mb_slave_send_error                    0x080061a0   Section        0  mb_slave.o(i.mb_slave_send_error)
    i.mb_slave_start_packet                  0x080061d2   Section        0  mb_slave.o(i.mb_slave_start_packet)
    i.mb_slave_start_tx                      0x0800620a   Section        0  mb_slave.o(i.mb_slave_start_tx)
    i.mb_slave_timer_expired                 0x08006250   Section        0  mb_slave.o(i.mb_slave_timer_expired)
    i.mb_timer_disable                       0x0800629c   Section        0  modbus_config.o(i.mb_timer_disable)
    i.mb_timer_enable                        0x080062ac   Section        0  modbus_config.o(i.mb_timer_enable)
    i.mb_timer_init                          0x080062bc   Section        0  modbus_config.o(i.mb_timer_init)
    i.mb_timer_reset                         0x080062dc   Section        0  modbus_config.o(i.mb_timer_reset)
    i.mb_tx                                  0x080062f8   Section        0  modbus_config.o(i.mb_tx)
    i.mb_write_registers                     0x08006354   Section        0  main.o(i.mb_write_registers)
    i.usart_enable                           0x08006398   Section        0  modbus_config.o(i.usart_enable)
    i.usart_init                             0x0800639c   Section        0  modbus_config.o(i.usart_init)
    .constdata                               0x080063a0   Section       25  system_stm32l1xx.o(.constdata)
    .constdata                               0x080063b9   Section        8  system_stm32l1xx.o(.constdata)
    .constdata                               0x080063c2   Section     1024  crc16.o(.constdata)
    wCRCTable                                0x080065c2   Data         512  crc16.o(.constdata)
    .data                                    0x20000000   Section        1  usbd_ctlreq.o(.data)
    cfgidx                                   0x20000000   Data           1  usbd_ctlreq.o(.data)
    .data                                    0x20000004   Section      219  usbd_cdc.o(.data)
    ifalt                                    0x20000004   Data           1  usbd_cdc.o(.data)
    USBD_CDC_DeviceQualifierDesc             0x20000008   Data          10  usbd_cdc.o(.data)
    .data                                    0x200000e0   Section       56  usbd_cdc.o(.data)
    .data                                    0x20000118   Section        4  system_stm32l1xx.o(.data)
    .data                                    0x2000011c   Section        4  stm32l1xx_hal.o(.data)
    .data                                    0x20000120   Section       80  main.o(.data)
    .data                                    0x20000170   Section       16  usbd_cdc_if.o(.data)
    .data                                    0x20000180   Section        8  usbd_cdc_if.o(.data)
    .data                                    0x20000188   Section       28  usbd_desc.o(.data)
    .data                                    0x200001a4   Section       22  usbd_desc.o(.data)
    .data                                    0x200001ba   Section        4  i2c.o(.data)
    .data                                    0x200001c0   Section        4  mb_slave.o(.data)
    .data                                    0x200001c4   Section      112  modbus_config.o(.data)
    .bss                                     0x20000234   Section       24  stm32l1xx_hal_flash.o(.bss)
    .bss                                     0x2000024c   Section      116  main.o(.bss)
    .bss                                     0x200002c0   Section     1088  usbd_conf.o(.bss)
    mem                                      0x200002c0   Data         544  usbd_conf.o(.bss)
    .bss                                     0x20000700   Section      548  usb_device.o(.bss)
    .bss                                     0x20000924   Section      512  usbd_desc.o(.bss)
    .bss                                     0x20000b24   Section      152  adc.o(.bss)
    .bss                                     0x20000bbc   Section       64  usart.o(.bss)
    .bss                                     0x20000bfc   Section      336  tim.o(.bss)
    .bss                                     0x20000d4c   Section       84  i2c.o(.bss)
    .bss                                     0x20000da0   Section      100  modbus_config.o(.bss)
    .bss                                     0x20000e04   Section      100  modbus_config.o(.bss)
    STACK                                    0x20000e68   Section     1024  startup_stm32l152xb.o(STACK)

    Global Symbols

    Symbol Name                              Value     Ov Type        Size  Object(Section)

    BuildAttributes$$THM_ISAv4$P$D$K$B$S$PE$A:L22UL41UL21$X:L11$S22US41US21$IEEE1$IW$USESV6$~STKCKD$USESV7$~SHL$OTIME$ROPI$EBA8$MICROLIB$REQ8$PRES8$EABIv2 0x00000000   Number         0  anon$$obj.o ABSOLUTE
    __ARM_use_no_argv                        0x00000000   Number         0  main.o ABSOLUTE
    __cpp_initialize__aeabi_                  - Undefined Weak Reference
    __cxa_finalize                            - Undefined Weak Reference
    _clock_init                               - Undefined Weak Reference
    _microlib_exit                            - Undefined Weak Reference
    __Vectors_Size                           0x000000f4   Number         0  startup_stm32l152xb.o ABSOLUTE
    __Vectors                                0x08000000   Data           4  startup_stm32l152xb.o(RESET)
    __Vectors_End                            0x080000f4   Data           0  startup_stm32l152xb.o(RESET)
    __main                                   0x080000f5   Thumb Code     0  entry.o(.ARM.Collect$$$$00000000)
    _main_stk                                0x080000f5   Thumb Code     0  entry2.o(.ARM.Collect$$$$00000001)
    _main_scatterload                        0x080000f9   Thumb Code     0  entry5.o(.ARM.Collect$$$$00000004)
    __main_after_scatterload                 0x080000fd   Thumb Code     0  entry5.o(.ARM.Collect$$$$00000004)
    _main_clock                              0x080000fd   Thumb Code     0  entry7b.o(.ARM.Collect$$$$00000008)
    _main_cpp_init                           0x080000fd   Thumb Code     0  entry8b.o(.ARM.Collect$$$$0000000A)
    _main_init                               0x080000fd   Thumb Code     0  entry9a.o(.ARM.Collect$$$$0000000B)
    __rt_final_cpp                           0x08000105   Thumb Code     0  entry10a.o(.ARM.Collect$$$$0000000D)
    __rt_final_exit                          0x08000105   Thumb Code     0  entry11a.o(.ARM.Collect$$$$0000000F)
    Reset_Handler                            0x08000109   Thumb Code     8  startup_stm32l152xb.o(.text)
    ADC1_IRQHandler                          0x08000123   Thumb Code     0  startup_stm32l152xb.o(.text)
    COMP_IRQHandler                          0x08000123   Thumb Code     0  startup_stm32l152xb.o(.text)
    DAC_IRQHandler                           0x08000123   Thumb Code     0  startup_stm32l152xb.o(.text)
    DMA1_Channel2_IRQHandler                 0x08000123   Thumb Code     0  startup_stm32l152xb.o(.text)
    DMA1_Channel3_IRQHandler                 0x08000123   Thumb Code     0  startup_stm32l152xb.o(.text)
    DMA1_Channel4_IRQHandler                 0x08000123   Thumb Code     0  startup_stm32l152xb.o(.text)
    DMA1_Channel5_IRQHandler                 0x08000123   Thumb Code     0  startup_stm32l152xb.o(.text)
    DMA1_Channel6_IRQHandler                 0x08000123   Thumb Code     0  startup_stm32l152xb.o(.text)
    DMA1_Channel7_IRQHandler                 0x08000123   Thumb Code     0  startup_stm32l152xb.o(.text)
    EXTI0_IRQHandler                         0x08000123   Thumb Code     0  startup_stm32l152xb.o(.text)
    EXTI15_10_IRQHandler                     0x08000123   Thumb Code     0  startup_stm32l152xb.o(.text)
    EXTI1_IRQHandler                         0x08000123   Thumb Code     0  startup_stm32l152xb.o(.text)
    EXTI2_IRQHandler                         0x08000123   Thumb Code     0  startup_stm32l152xb.o(.text)
    EXTI3_IRQHandler                         0x08000123   Thumb Code     0  startup_stm32l152xb.o(.text)
    EXTI4_IRQHandler                         0x08000123   Thumb Code     0  startup_stm32l152xb.o(.text)
    EXTI9_5_IRQHandler                       0x08000123   Thumb Code     0  startup_stm32l152xb.o(.text)
    FLASH_IRQHandler                         0x08000123   Thumb Code     0  startup_stm32l152xb.o(.text)
    I2C1_ER_IRQHandler                       0x08000123   Thumb Code     0  startup_stm32l152xb.o(.text)
    I2C1_EV_IRQHandler                       0x08000123   Thumb Code     0  startup_stm32l152xb.o(.text)
    I2C2_ER_IRQHandler                       0x08000123   Thumb Code     0  startup_stm32l152xb.o(.text)
    I2C2_EV_IRQHandler                       0x08000123   Thumb Code     0  startup_stm32l152xb.o(.text)
    LCD_IRQHandler                           0x08000123   Thumb Code     0  startup_stm32l152xb.o(.text)
    PVD_IRQHandler                           0x08000123   Thumb Code     0  startup_stm32l152xb.o(.text)
    RCC_IRQHandler                           0x08000123   Thumb Code     0  startup_stm32l152xb.o(.text)
    RTC_Alarm_IRQHandler                     0x08000123   Thumb Code     0  startup_stm32l152xb.o(.text)
    RTC_WKUP_IRQHandler                      0x08000123   Thumb Code     0  startup_stm32l152xb.o(.text)
    SPI1_IRQHandler                          0x08000123   Thumb Code     0  startup_stm32l152xb.o(.text)
    SPI2_IRQHandler                          0x08000123   Thumb Code     0  startup_stm32l152xb.o(.text)
    TAMPER_STAMP_IRQHandler                  0x08000123   Thumb Code     0  startup_stm32l152xb.o(.text)
    TIM10_IRQHandler                         0x08000123   Thumb Code     0  startup_stm32l152xb.o(.text)
    TIM11_IRQHandler                         0x08000123   Thumb Code     0  startup_stm32l152xb.o(.text)
    TIM2_IRQHandler                          0x08000123   Thumb Code     0  startup_stm32l152xb.o(.text)
    TIM6_IRQHandler                          0x08000123   Thumb Code     0  startup_stm32l152xb.o(.text)
    TIM7_IRQHandler                          0x08000123   Thumb Code     0  startup_stm32l152xb.o(.text)
    TIM9_IRQHandler                          0x08000123   Thumb Code     0  startup_stm32l152xb.o(.text)
    USART2_IRQHandler                        0x08000123   Thumb Code     0  startup_stm32l152xb.o(.text)
    USART3_IRQHandler                        0x08000123   Thumb Code     0  startup_stm32l152xb.o(.text)
    USB_FS_WKUP_IRQHandler                   0x08000123   Thumb Code     0  startup_stm32l152xb.o(.text)
    USB_HP_IRQHandler                        0x08000123   Thumb Code     0  startup_stm32l152xb.o(.text)
    WWDG_IRQHandler                          0x08000123   Thumb Code     0  startup_stm32l152xb.o(.text)
    __aeabi_fadd                             0x0800012d   Thumb Code   164  fadd.o(.text)
    __aeabi_fsub                             0x080001d1   Thumb Code     6  fadd.o(.text)
    __aeabi_frsub                            0x080001d7   Thumb Code     6  fadd.o(.text)
    __aeabi_fmul                             0x080001dd   Thumb Code   100  fmul.o(.text)
    __ARM_scalbnf                            0x08000241   Thumb Code    24  fscalb.o(.text)
    scalbnf                                  0x08000241   Thumb Code     0  fscalb.o(.text)
    __aeabi_dmul                             0x08000259   Thumb Code   228  dmul.o(.text)
    __ARM_scalbn                             0x0800033d   Thumb Code    46  dscalb.o(.text)
    scalbn                                   0x0800033d   Thumb Code     0  dscalb.o(.text)
    __aeabi_ui2f                             0x0800036b   Thumb Code    10  ffltui.o(.text)
    __aeabi_ui2d                             0x08000375   Thumb Code    26  dfltui.o(.text)
    __aeabi_f2iz                             0x0800038f   Thumb Code    50  ffixi.o(.text)
    __aeabi_f2uiz                            0x080003c1   Thumb Code    40  ffixui.o(.text)
    __aeabi_d2uiz                            0x080003e9   Thumb Code    50  dfixui.o(.text)
    __aeabi_d2f                              0x0800041b   Thumb Code    56  d2f.o(.text)
    __aeabi_llsr                             0x08000453   Thumb Code    32  llushr.o(.text)
    _ll_ushift_r                             0x08000453   Thumb Code     0  llushr.o(.text)
    __I$use$fp                               0x08000473   Thumb Code     0  iusefp.o(.text)
    _float_round                             0x08000473   Thumb Code    18  fepilogue.o(.text)
    _float_epilogue                          0x08000485   Thumb Code    92  fepilogue.o(.text)
    _double_round                            0x080004e1   Thumb Code    30  depilogue.o(.text)
    _double_epilogue                         0x080004ff   Thumb Code   156  depilogue.o(.text)
    __scatterload                            0x0800059d   Thumb Code    28  init.o(.text)
    __scatterload_rt2                        0x0800059d   Thumb Code     0  init.o(.text)
    __aeabi_llsl                             0x080005c1   Thumb Code    30  llshl.o(.text)
    _ll_shift_l                              0x080005c1   Thumb Code     0  llshl.o(.text)
    __decompress                             0x080005df   Thumb Code     0  __dczerorl2.o(.text)
    __decompress1                            0x080005df   Thumb Code    86  __dczerorl2.o(.text)
    ADC_Enable                               0x080006bd   Thumb Code   112  stm32l1xx_hal_adc.o(i.ADC_Enable)
    BusFault_Handler                         0x08000735   Thumb Code     2  stm32l1xx_it.o(i.BusFault_Handler)
    CDC_Transmit_FS                          0x080007a5   Thumb Code    40  usbd_cdc_if.o(i.CDC_Transmit_FS)
    CalcCrc16                                0x080007d1   Thumb Code    36  crc16.o(i.CalcCrc16)
    Charger                                  0x080007f9   Thumb Code    78  main.o(i.Charger)
    Check_alarm                              0x08000859   Thumb Code   304  main.o(i.Check_alarm)
    ConvertTemp                              0x08000991   Thumb Code    96  i2c.o(i.ConvertTemp)
    Crc8                                     0x08000a09   Thumb Code    46  i2c.o(i.Crc8)
    DMA1_Channel1_IRQHandler                 0x08000a39   Thumb Code     6  stm32l1xx_it.o(i.DMA1_Channel1_IRQHandler)
    DebugMon_Handler                         0x08000a71   Thumb Code     2  stm32l1xx_it.o(i.DebugMon_Handler)
    EnterCritSection                         0x08000a75   Thumb Code    14  mb_slave.o(i.EnterCritSection)
    ExitCritSection                          0x08000a89   Thumb Code    20  mb_slave.o(i.ExitCritSection)
    FLASH_PageErase                          0x08000aa1   Thumb Code    32  stm32l1xx_hal_flash_ex.o(i.FLASH_PageErase)
    FLASH_WaitForLastOperation               0x08000b11   Thumb Code    80  stm32l1xx_hal_flash.o(i.FLASH_WaitForLastOperation)
    Flash_Restore                            0x08000b65   Thumb Code    76  main.o(i.Flash_Restore)
    Flash_Store                              0x08000bb9   Thumb Code   242  main.o(i.Flash_Store)
    HAL_ADC_ConfigChannel                    0x08000cc1   Thumb Code   324  stm32l1xx_hal_adc.o(i.HAL_ADC_ConfigChannel)
    HAL_ADC_ConvCpltCallback                 0x08000e11   Thumb Code    16  main.o(i.HAL_ADC_ConvCpltCallback)
    HAL_ADC_ConvHalfCpltCallback             0x08000e29   Thumb Code     2  stm32l1xx_hal_adc.o(i.HAL_ADC_ConvHalfCpltCallback)
    HAL_ADC_ErrorCallback                    0x08000e2b   Thumb Code     2  stm32l1xx_hal_adc.o(i.HAL_ADC_ErrorCallback)
    HAL_ADC_Init                             0x08000e2d   Thumb Code   374  stm32l1xx_hal_adc.o(i.HAL_ADC_Init)
    HAL_ADC_MspInit                          0x08000fb9   Thumb Code   102  adc.o(i.HAL_ADC_MspInit)
    HAL_ADC_Start                            0x08001045   Thumb Code   118  stm32l1xx_hal_adc.o(i.HAL_ADC_Start)
    HAL_ADC_Start_DMA                        0x080010bd   Thumb Code   186  stm32l1xx_hal_adc.o(i.HAL_ADC_Start_DMA)
    HAL_DMA_IRQHandler                       0x08001185   Thumb Code   186  stm32l1xx_hal_dma.o(i.HAL_DMA_IRQHandler)
    HAL_DMA_Init                             0x08001241   Thumb Code    98  stm32l1xx_hal_dma.o(i.HAL_DMA_Init)
    HAL_DMA_Start_IT                         0x080012ad   Thumb Code   116  stm32l1xx_hal_dma.o(i.HAL_DMA_Start_IT)
    HAL_Delay                                0x08001321   Thumb Code    22  stm32l1xx_hal.o(i.HAL_Delay)
    HAL_FLASH_Lock                           0x08001339   Thumb Code    14  stm32l1xx_hal_flash.o(i.HAL_FLASH_Lock)
    HAL_FLASH_Program                        0x0800134d   Thumb Code    56  stm32l1xx_hal_flash.o(i.HAL_FLASH_Program)
    HAL_FLASH_Unlock                         0x08001389   Thumb Code    46  stm32l1xx_hal_flash.o(i.HAL_FLASH_Unlock)
    HAL_GPIO_Init                            0x080013cd   Thumb Code   376  stm32l1xx_hal_gpio.o(i.HAL_GPIO_Init)
    HAL_GPIO_ReadPin                         0x08001565   Thumb Code    14  stm32l1xx_hal_gpio.o(i.HAL_GPIO_ReadPin)
    HAL_GPIO_TogglePin                       0x08001573   Thumb Code     8  stm32l1xx_hal_gpio.o(i.HAL_GPIO_TogglePin)
    HAL_GPIO_WritePin                        0x0800157b   Thumb Code    14  stm32l1xx_hal_gpio.o(i.HAL_GPIO_WritePin)
    HAL_GetTick                              0x08001589   Thumb Code     6  stm32l1xx_hal.o(i.HAL_GetTick)
    HAL_I2C_Init                             0x08001595   Thumb Code   324  stm32l1xx_hal_i2c.o(i.HAL_I2C_Init)
    HAL_I2C_Master_Receive                   0x080016e5   Thumb Code   670  stm32l1xx_hal_i2c.o(i.HAL_I2C_Master_Receive)
    HAL_I2C_Master_Transmit                  0x0800198d   Thumb Code   342  stm32l1xx_hal_i2c.o(i.HAL_I2C_Master_Transmit)
    HAL_I2C_MspInit                          0x08001ae9   Thumb Code    64  i2c.o(i.HAL_I2C_MspInit)
    HAL_IncTick                              0x08001b35   Thumb Code    10  stm32l1xx_hal.o(i.HAL_IncTick)
    HAL_Init                                 0x08001b45   Thumb Code    40  stm32l1xx_hal.o(i.HAL_Init)
    HAL_InitTick                             0x08001b71   Thumb Code    34  stm32l1xx_hal.o(i.HAL_InitTick)
    HAL_MspInit                              0x08001b99   Thumb Code   140  stm32l1xx_hal_msp.o(i.HAL_MspInit)
    HAL_NVIC_EnableIRQ                       0x08001c29   Thumb Code    22  stm32l1xx_hal_cortex.o(i.HAL_NVIC_EnableIRQ)
    HAL_NVIC_SetPriority                     0x08001c41   Thumb Code    60  stm32l1xx_hal_cortex.o(i.HAL_NVIC_SetPriority)
    HAL_NVIC_SetPriorityGrouping             0x08001c81   Thumb Code    26  stm32l1xx_hal_cortex.o(i.HAL_NVIC_SetPriorityGrouping)
    HAL_PCDEx_PMAConfig                      0x08001ca5   Thumb Code    60  stm32l1xx_hal_pcd_ex.o(i.HAL_PCDEx_PMAConfig)
    HAL_PCDEx_SetConnectionState             0x08001ce1   Thumb Code    26  usbd_conf.o(i.HAL_PCDEx_SetConnectionState)
    HAL_PCD_DataInStageCallback              0x08001d01   Thumb Code    18  usbd_conf.o(i.HAL_PCD_DataInStageCallback)
    HAL_PCD_DataOutStageCallback             0x08001d13   Thumb Code    20  usbd_conf.o(i.HAL_PCD_DataOutStageCallback)
    HAL_PCD_EP_Close                         0x08001d27   Thumb Code   382  stm32l1xx_hal_pcd.o(i.HAL_PCD_EP_Close)
    HAL_PCD_EP_ClrStall                      0x08001ea5   Thumb Code   192  stm32l1xx_hal_pcd.o(i.HAL_PCD_EP_ClrStall)
    HAL_PCD_EP_GetRxCount                    0x08001f65   Thumb Code    20  stm32l1xx_hal_pcd.o(i.HAL_PCD_EP_GetRxCount)
    HAL_PCD_EP_Open                          0x08001f79   Thumb Code   772  stm32l1xx_hal_pcd.o(i.HAL_PCD_EP_Open)
    HAL_PCD_EP_Receive                       0x0800227d   Thumb Code   350  stm32l1xx_hal_pcd.o(i.HAL_PCD_EP_Receive)
    HAL_PCD_EP_SetStall                      0x080023db   Thumb Code   148  stm32l1xx_hal_pcd.o(i.HAL_PCD_EP_SetStall)
    HAL_PCD_EP_Transmit                      0x0800246f   Thumb Code   256  stm32l1xx_hal_pcd.o(i.HAL_PCD_EP_Transmit)
    HAL_PCD_IRQHandler                       0x0800256f   Thumb Code   252  stm32l1xx_hal_pcd.o(i.HAL_PCD_IRQHandler)
    HAL_PCD_Init                             0x0800266b   Thumb Code   156  stm32l1xx_hal_pcd.o(i.HAL_PCD_Init)
    HAL_PCD_MspInit                          0x08002709   Thumb Code    50  usbd_conf.o(i.HAL_PCD_MspInit)
    HAL_PCD_ResetCallback                    0x08002745   Thumb Code    26  usbd_conf.o(i.HAL_PCD_ResetCallback)
    HAL_PCD_ResumeCallback                   0x0800275f   Thumb Code     8  usbd_conf.o(i.HAL_PCD_ResumeCallback)
    HAL_PCD_SOFCallback                      0x08002767   Thumb Code     8  usbd_conf.o(i.HAL_PCD_SOFCallback)
    HAL_PCD_SetAddress                       0x0800276f   Thumb Code    44  stm32l1xx_hal_pcd.o(i.HAL_PCD_SetAddress)
    HAL_PCD_SetupStageCallback               0x0800279b   Thumb Code    14  usbd_conf.o(i.HAL_PCD_SetupStageCallback)
    HAL_PCD_Start                            0x080027a9   Thumb Code    12  stm32l1xx_hal_pcd.o(i.HAL_PCD_Start)
    HAL_PCD_SuspendCallback                  0x080027b5   Thumb Code    30  usbd_conf.o(i.HAL_PCD_SuspendCallback)
    HAL_RCC_ClockConfig                      0x080027d9   Thumb Code   596  stm32l1xx_hal_rcc.o(i.HAL_RCC_ClockConfig)
    HAL_RCC_GetHCLKFreq                      0x08002a3d   Thumb Code     6  stm32l1xx_hal_rcc.o(i.HAL_RCC_GetHCLKFreq)
    HAL_RCC_GetPCLK1Freq                     0x08002a49   Thumb Code    36  stm32l1xx_hal_rcc.o(i.HAL_RCC_GetPCLK1Freq)
    HAL_RCC_GetPCLK2Freq                     0x08002a75   Thumb Code    36  stm32l1xx_hal_rcc.o(i.HAL_RCC_GetPCLK2Freq)
    HAL_RCC_GetSysClockFreq                  0x08002aa1   Thumb Code   128  stm32l1xx_hal_rcc.o(i.HAL_RCC_GetSysClockFreq)
    HAL_RCC_OscConfig                        0x08002b31   Thumb Code  1968  stm32l1xx_hal_rcc.o(i.HAL_RCC_OscConfig)
    HAL_SYSTICK_CLKSourceConfig              0x080032ed   Thumb Code    28  stm32l1xx_hal_cortex.o(i.HAL_SYSTICK_CLKSourceConfig)
    HAL_SYSTICK_Callback                     0x08003309   Thumb Code   340  main.o(i.HAL_SYSTICK_Callback)
    HAL_SYSTICK_Config                       0x0800346d   Thumb Code    40  stm32l1xx_hal_cortex.o(i.HAL_SYSTICK_Config)
    HAL_SYSTICK_IRQHandler                   0x08003495   Thumb Code     8  stm32l1xx_hal_cortex.o(i.HAL_SYSTICK_IRQHandler)
    HAL_TIMEx_MasterConfigSynchronization    0x0800349d   Thumb Code    80  stm32l1xx_hal_tim_ex.o(i.HAL_TIMEx_MasterConfigSynchronization)
    HAL_TIM_Base_Init                        0x080034ed   Thumb Code    56  stm32l1xx_hal_tim.o(i.HAL_TIM_Base_Init)
    HAL_TIM_Base_MspInit                     0x08003525   Thumb Code    92  tim.o(i.HAL_TIM_Base_MspInit)
    HAL_TIM_Base_Start_IT                    0x0800358d   Thumb Code    24  stm32l1xx_hal_tim.o(i.HAL_TIM_Base_Start_IT)
    HAL_TIM_Base_Stop_IT                     0x080035a5   Thumb Code    34  stm32l1xx_hal_tim.o(i.HAL_TIM_Base_Stop_IT)
    HAL_TIM_ConfigClockSource                0x080035c7   Thumb Code   270  stm32l1xx_hal_tim.o(i.HAL_TIM_ConfigClockSource)
    HAL_UART_ErrorCallback                   0x080036d5   Thumb Code     2  stm32l1xx_hal_uart.o(i.HAL_UART_ErrorCallback)
    HAL_UART_GetError                        0x080036d7   Thumb Code     4  stm32l1xx_hal_uart.o(i.HAL_UART_GetError)
    HAL_UART_IRQHandler                      0x080036db   Thumb Code   190  stm32l1xx_hal_uart.o(i.HAL_UART_IRQHandler)
    HAL_UART_Init                            0x08003799   Thumb Code    96  stm32l1xx_hal_uart.o(i.HAL_UART_Init)
    HAL_UART_MspInit                         0x080037f9   Thumb Code    80  usart.o(i.HAL_UART_MspInit)
    HAL_UART_RxCpltCallback                  0x08003855   Thumb Code    38  main.o(i.HAL_UART_RxCpltCallback)
    HAL_UART_Transmit_IT                     0x08003889   Thumb Code    92  stm32l1xx_hal_uart.o(i.HAL_UART_Transmit_IT)
    HAL_UART_TxCpltCallback                  0x080038e5   Thumb Code    16  main.o(i.HAL_UART_TxCpltCallback)
    HardFault_Handler                        0x080038fd   Thumb Code     2  stm32l1xx_it.o(i.HardFault_Handler)
    I2C_StartTransmission                    0x08003b01   Thumb Code   116  i2c.o(i.I2C_StartTransmission)
    MX_ADC_Init                              0x08003d91   Thumb Code   112  adc.o(i.MX_ADC_Init)
    MX_DMA_Init                              0x08003e19   Thumb Code    40  dma.o(i.MX_DMA_Init)
    MX_GPIO_Init                             0x08003e45   Thumb Code   254  gpio.o(i.MX_GPIO_Init)
    MX_I2C2_Init                             0x08003f55   Thumb Code    54  i2c.o(i.MX_I2C2_Init)
    MX_TIM3_Init                             0x08003fa9   Thumb Code    86  tim.o(i.MX_TIM3_Init)
    MX_TIM4_Init                             0x08004019   Thumb Code    86  tim.o(i.MX_TIM4_Init)
    MX_USART1_UART_Init                      0x08004089   Thumb Code    52  usart.o(i.MX_USART1_UART_Init)
    MX_USB_DEVICE_Init                       0x080040d5   Thumb Code    38  usb_device.o(i.MX_USB_DEVICE_Init)
    MemManage_Handler                        0x0800410d   Thumb Code     2  stm32l1xx_it.o(i.MemManage_Handler)
    NMI_Handler                              0x0800410f   Thumb Code     2  stm32l1xx_it.o(i.NMI_Handler)
    PendSV_Handler                           0x080044f5   Thumb Code     2  stm32l1xx_it.o(i.PendSV_Handler)
    ResetFilter_data                         0x0800457d   Thumb Code    10  main.o(i.ResetFilter_data)
    SVC_Handler                              0x0800458d   Thumb Code     2  stm32l1xx_it.o(i.SVC_Handler)
    SetDutyCycle                             0x0800458f   Thumb Code    16  tim.o(i.SetDutyCycle)
    SetPeriod                                0x080045a1   Thumb Code    42  tim.o(i.SetPeriod)
    SysTick_Handler                          0x080045d1   Thumb Code    14  stm32l1xx_it.o(i.SysTick_Handler)
    SystemClock_Config                       0x080045e1   Thumb Code   138  main.o(i.SystemClock_Config)
    SystemInit                               0x08004681   Thumb Code    62  system_stm32l1xx.o(i.SystemInit)
    TIM3_IRQHandler                          0x080046d1   Thumb Code    16  main.o(i.TIM3_IRQHandler)
    TIM4_IRQHandler                          0x080046e9   Thumb Code    36  main.o(i.TIM4_IRQHandler)
    USART1_IRQHandler                        0x08004b8d   Thumb Code     6  stm32l1xx_it.o(i.USART1_IRQHandler)
    USBD_CDC_GetDeviceQualifierDescriptor    0x08004c45   Thumb Code     8  usbd_cdc.o(i.USBD_CDC_GetDeviceQualifierDescriptor)
    USBD_CDC_ReceivePacket                   0x08004d13   Thumb Code    50  usbd_cdc.o(i.USBD_CDC_ReceivePacket)
    USBD_CDC_RegisterInterface               0x08004d45   Thumb Code    16  usbd_cdc.o(i.USBD_CDC_RegisterInterface)
    USBD_CDC_SetRxBuffer                     0x08004d55   Thumb Code    12  usbd_cdc.o(i.USBD_CDC_SetRxBuffer)
    USBD_CDC_SetTxBuffer                     0x08004d61   Thumb Code    16  usbd_cdc.o(i.USBD_CDC_SetTxBuffer)
    USBD_CDC_TransmitPacket                  0x08004de9   Thumb Code    48  usbd_cdc.o(i.USBD_CDC_TransmitPacket)
    USBD_ClrClassConfig                      0x08004e19   Thumb Code    14  usbd_core.o(i.USBD_ClrClassConfig)
    USBD_CtlContinueRx                       0x08004e63   Thumb Code    16  usbd_ioreq.o(i.USBD_CtlContinueRx)
    USBD_CtlContinueSendData                 0x08004e73   Thumb Code    16  usbd_ioreq.o(i.USBD_CtlContinueSendData)
    USBD_CtlError                            0x08004e83   Thumb Code    24  usbd_ctlreq.o(i.USBD_CtlError)
    USBD_CtlPrepareRx                        0x08004e9b   Thumb Code    30  usbd_ioreq.o(i.USBD_CtlPrepareRx)
    USBD_CtlReceiveStatus                    0x08004eb9   Thumb Code    22  usbd_ioreq.o(i.USBD_CtlReceiveStatus)
    USBD_CtlSendData                         0x08004ecf   Thumb Code    26  usbd_ioreq.o(i.USBD_CtlSendData)
    USBD_CtlSendStatus                       0x08004ee9   Thumb Code    22  usbd_ioreq.o(i.USBD_CtlSendStatus)
    USBD_FS_ConfigStrDescriptor              0x08004f01   Thumb Code    32  usbd_desc.o(i.USBD_FS_ConfigStrDescriptor)
    USBD_FS_DeviceDescriptor                 0x08004f31   Thumb Code     8  usbd_desc.o(i.USBD_FS_DeviceDescriptor)
    USBD_FS_InterfaceStrDescriptor           0x08004f3d   Thumb Code    32  usbd_desc.o(i.USBD_FS_InterfaceStrDescriptor)
    USBD_FS_LangIDStrDescriptor              0x08004f71   Thumb Code     8  usbd_desc.o(i.USBD_FS_LangIDStrDescriptor)
    USBD_FS_ManufacturerStrDescriptor        0x08004f7d   Thumb Code    16  usbd_desc.o(i.USBD_FS_ManufacturerStrDescriptor)
    USBD_FS_ProductStrDescriptor             0x08004fa5   Thumb Code    32  usbd_desc.o(i.USBD_FS_ProductStrDescriptor)
    USBD_FS_SerialStrDescriptor              0x08004fe1   Thumb Code    32  usbd_desc.o(i.USBD_FS_SerialStrDescriptor)
    USBD_GetString                           0x080051af   Thumb Code    60  usbd_ctlreq.o(i.USBD_GetString)
    USBD_Init                                0x080051eb   Thumb Code    44  usbd_core.o(i.USBD_Init)
    USBD_LL_ClearStallEP                     0x08005217   Thumb Code    44  usbd_conf.o(i.USBD_LL_ClearStallEP)
    USBD_LL_CloseEP                          0x08005243   Thumb Code    44  usbd_conf.o(i.USBD_LL_CloseEP)
    USBD_LL_DataInStage                      0x0800526f   Thumb Code   186  usbd_core.o(i.USBD_LL_DataInStage)
    USBD_LL_DataOutStage                     0x08005329   Thumb Code   108  usbd_core.o(i.USBD_LL_DataOutStage)
    USBD_LL_GetRxDataSize                    0x08005395   Thumb Code     8  usbd_conf.o(i.USBD_LL_GetRxDataSize)
    USBD_LL_Init                             0x0800539d   Thumb Code   126  usbd_conf.o(i.USBD_LL_Init)
    USBD_LL_IsStallEP                        0x08005439   Thumb Code    32  usbd_conf.o(i.USBD_LL_IsStallEP)
    USBD_LL_OpenEP                           0x08005459   Thumb Code    50  usbd_conf.o(i.USBD_LL_OpenEP)
    USBD_LL_PrepareReceive                   0x0800548b   Thumb Code    44  usbd_conf.o(i.USBD_LL_PrepareReceive)
    USBD_LL_Reset                            0x080054b7   Thumb Code    64  usbd_core.o(i.USBD_LL_Reset)
    USBD_LL_Resume                           0x080054f7   Thumb Code    12  usbd_core.o(i.USBD_LL_Resume)
    USBD_LL_SOF                              0x08005503   Thumb Code    24  usbd_core.o(i.USBD_LL_SOF)
    USBD_LL_SetSpeed                         0x0800551b   Thumb Code     6  usbd_core.o(i.USBD_LL_SetSpeed)
    USBD_LL_SetUSBAddress                    0x08005521   Thumb Code    44  usbd_conf.o(i.USBD_LL_SetUSBAddress)
    USBD_LL_SetupStage                       0x0800554d   Thumb Code    90  usbd_core.o(i.USBD_LL_SetupStage)
    USBD_LL_StallEP                          0x080055a7   Thumb Code    44  usbd_conf.o(i.USBD_LL_StallEP)
    USBD_LL_Start                            0x080055d3   Thumb Code    44  usbd_conf.o(i.USBD_LL_Start)
    USBD_LL_Suspend                          0x080055ff   Thumb Code    16  usbd_core.o(i.USBD_LL_Suspend)
    USBD_LL_Transmit                         0x0800560f   Thumb Code    44  usbd_conf.o(i.USBD_LL_Transmit)
    USBD_ParseSetupRequest                   0x0800563b   Thumb Code    40  usbd_ctlreq.o(i.USBD_ParseSetupRequest)
    USBD_RegisterClass                       0x08005663   Thumb Code    18  usbd_core.o(i.USBD_RegisterClass)
    USBD_RunTestMode                         0x08005675   Thumb Code     4  usbd_core.o(i.USBD_RunTestMode)
    USBD_SetClassConfig                      0x080056cd   Thumb Code    24  usbd_core.o(i.USBD_SetClassConfig)
    USBD_Start                               0x080057cd   Thumb Code    10  usbd_core.o(i.USBD_Start)
    USBD_StdDevReq                           0x080057d7   Thumb Code    74  usbd_ctlreq.o(i.USBD_StdDevReq)
    USBD_StdEPReq                            0x08005821   Thumb Code   288  usbd_ctlreq.o(i.USBD_StdEPReq)
    USBD_StdItfReq                           0x08005941   Thumb Code    68  usbd_ctlreq.o(i.USBD_StdItfReq)
    USBD_static_free                         0x08005985   Thumb Code     2  usbd_conf.o(i.USBD_static_free)
    USBD_static_malloc                       0x08005989   Thumb Code     4  usbd_conf.o(i.USBD_static_malloc)
    USB_LP_IRQHandler                        0x08005991   Thumb Code     6  stm32l1xx_it.o(i.USB_LP_IRQHandler)
    UsageFault_Handler                       0x0800599d   Thumb Code     2  stm32l1xx_it.o(i.UsageFault_Handler)
    WriteCrc16                               0x0800599f   Thumb Code    24  crc16.o(i.WriteCrc16)
    _Error_Handler                           0x080059b7   Thumb Code     2  main.o(i._Error_Handler)
    __scatterload_copy                       0x080059b9   Thumb Code    14  handlers.o(i.__scatterload_copy)
    __scatterload_null                       0x080059c7   Thumb Code     2  handlers.o(i.__scatterload_null)
    __scatterload_zeroinit                   0x080059c9   Thumb Code    14  handlers.o(i.__scatterload_zeroinit)
    get_sens_data                            0x080059d9   Thumb Code   490  main.o(i.get_sens_data)
    main                                     0x08005c01   Thumb Code   394  main.o(i.main)
    mb_event                                 0x08005dc9   Thumb Code    46  modbus_config.o(i.mb_event)
    mb_read_registers                        0x08005e01   Thumb Code   140  main.o(i.mb_read_registers)
    mb_slave_init                            0x08005ea5   Thumb Code   180  mb_slave.o(i.mb_slave_init)
    mb_slave_parse_packet                    0x08005f5d   Thumb Code   480  mb_slave.o(i.mb_slave_parse_packet)
    mb_slave_recive                          0x0800613d   Thumb Code   100  mb_slave.o(i.mb_slave_recive)
    mb_slave_send_error                      0x080061a1   Thumb Code    50  mb_slave.o(i.mb_slave_send_error)
    mb_slave_start_packet                    0x080061d3   Thumb Code    56  mb_slave.o(i.mb_slave_start_packet)
    mb_slave_start_tx                        0x0800620b   Thumb Code    70  mb_slave.o(i.mb_slave_start_tx)
    mb_slave_timer_expired                   0x08006251   Thumb Code    74  mb_slave.o(i.mb_slave_timer_expired)
    mb_timer_disable                         0x0800629d   Thumb Code    12  modbus_config.o(i.mb_timer_disable)
    mb_timer_enable                          0x080062ad   Thumb Code    12  modbus_config.o(i.mb_timer_enable)
    mb_timer_init                            0x080062bd   Thumb Code    24  modbus_config.o(i.mb_timer_init)
    mb_timer_reset                           0x080062dd   Thumb Code    18  modbus_config.o(i.mb_timer_reset)
    mb_tx                                    0x080062f9   Thumb Code    80  modbus_config.o(i.mb_tx)
    mb_write_registers                       0x08006355   Thumb Code    58  main.o(i.mb_write_registers)
    usart_enable                             0x08006399   Thumb Code     4  modbus_config.o(i.usart_enable)
    usart_init                               0x0800639d   Thumb Code     4  modbus_config.o(i.usart_init)
    PLLMulTable                              0x080063a0   Data           9  system_stm32l1xx.o(.constdata)
    AHBPrescTable                            0x080063a9   Data          16  system_stm32l1xx.o(.constdata)
    APBPrescTable                            0x080063b9   Data           8  system_stm32l1xx.o(.constdata)
    srCRCHi                                  0x080063c2   Data         256  crc16.o(.constdata)
    srCRCLo                                  0x080064c2   Data         256  crc16.o(.constdata)
    Region$$Table$$Base                      0x080067c4   Number         0  anon$$obj.o(Region$$Table)
    Region$$Table$$Limit                     0x080067e4   Number         0  anon$$obj.o(Region$$Table)
    USBD_CDC_CfgHSDesc                       0x20000014   Data          67  usbd_cdc.o(.data)
    USBD_CDC_CfgFSDesc                       0x20000058   Data          67  usbd_cdc.o(.data)
    USBD_CDC_OtherSpeedCfgDesc               0x2000009c   Data          67  usbd_cdc.o(.data)
    USBD_CDC                                 0x200000e0   Data          56  usbd_cdc.o(.data)
    SystemCoreClock                          0x20000118   Data           4  system_stm32l1xx.o(.data)
    uwTick                                   0x2000011c   Data           4  stm32l1xx_hal.o(.data)
    isPassword                               0x20000120   Data           1  main.o(.data)
    adc_new                                  0x20000121   Data           1  main.o(.data)
    i2c_new                                  0x20000122   Data           1  main.o(.data)
    adc_flag                                 0x20000123   Data           1  main.o(.data)
    i2c_msg_flag                             0x20000124   Data           1  main.o(.data)
    flag_T                                   0x20000125   Data           1  main.o(.data)
    i2c_is_busy                              0x20000126   Data           1  main.o(.data)
    duty1                                    0x20000127   Data           1  main.o(.data)
    alarm                                    0x20000128   Data           1  main.o(.data)
    tick                                     0x20000129   Data           1  main.o(.data)
    init                                     0x2000012a   Data           1  main.o(.data)
    new_adc_data                             0x2000012b   Data           1  main.o(.data)
    btn_first_press                          0x2000012c   Data           1  main.o(.data)
    ready                                    0x2000012d   Data           1  main.o(.data)
    charge                                   0x2000012e   Data           1  main.o(.data)
    m_isPasswordValid                        0x2000012f   Data           1  main.o(.data)
    green                                    0x20000130   Data           1  main.o(.data)
    fast_green                               0x20000131   Data           1  main.o(.data)
    usart_init_msg                           0x20000132   Data           1  main.o(.data)
    status                                   0x20000133   Data           1  main.o(.data)
    flash_status                             0x20000134   Data           1  main.o(.data)
    low_bat                                  0x20000136   Data           2  main.o(.data)
    f_size1                                  0x20000138   Data           2  main.o(.data)
    pwr_btn                                  0x2000013a   Data           2  main.o(.data)
    sdf                                      0x2000013c   Data           2  main.o(.data)
    i2c_data                                 0x20000140   Data           4  main.o(.data)
    greenlight                               0x20000144   Data           4  main.o(.data)
    BUF1                                     0x20000148   Data           4  main.o(.data)
    BUF2                                     0x2000014c   Data           4  main.o(.data)
    Flash_Params                             0x20000150   Data           4  main.o(.data)
    PARAMS_BUF                               0x20000154   Data           4  main.o(.data)
    NbrOfPage                                0x20000158   Data           4  main.o(.data)
    EraseCounter                             0x2000015c   Data           4  main.o(.data)
    Address                                  0x20000160   Data           4  main.o(.data)
    m_hostTimeout                            0x20000164   Data           4  main.o(.data)
    lpBuf                                    0x20000168   Data           4  main.o(.data)
    sdfgdf                                   0x2000016c   Data           4  main.o(.data)
    USBD_Interface_fops_FS                   0x20000170   Data          16  usbd_cdc_if.o(.data)
    UserRxBufferFS                           0x20000180   Data           4  usbd_cdc_if.o(.data)
    UserTxBufferFS                           0x20000184   Data           4  usbd_cdc_if.o(.data)
    FS_Desc                                  0x20000188   Data          28  usbd_desc.o(.data)
    USBD_LangIDDesc                          0x200001a4   Data           4  usbd_desc.o(.data)
    USBD_FS_DeviceDesc                       0x200001a8   Data          18  usbd_desc.o(.data)
    i2c_flag                                 0x200001ba   Data           1  i2c.o(.data)
    tmp_bufiic                               0x200001bb   Data           3  i2c.o(.data)
    IrqCounter                               0x200001c0   Data           4  mb_slave.o(.data)
    m_mbParam                                0x200001c4   Data         112  modbus_config.o(.data)
    pFlash                                   0x20000234   Data          24  stm32l1xx_hal_flash.o(.bss)
    Params                                   0x2000024c   Data         116  main.o(.bss)
    hpcd_USB_FS                              0x200004e0   Data         544  usbd_conf.o(.bss)
    hUsbDeviceFS                             0x20000700   Data         548  usb_device.o(.bss)
    USBD_StrDesc                             0x20000924   Data         512  usbd_desc.o(.bss)
    hadc                                     0x20000b24   Data          84  adc.o(.bss)
    hdma_adc                                 0x20000b78   Data          68  adc.o(.bss)
    huart1                                   0x20000bbc   Data          64  usart.o(.bss)
    htim2                                    0x20000bfc   Data          56  tim.o(.bss)
    htim3                                    0x20000c34   Data          56  tim.o(.bss)
    htim4                                    0x20000c6c   Data          56  tim.o(.bss)
    htim9                                    0x20000ca4   Data          56  tim.o(.bss)
    htim10                                   0x20000cdc   Data          56  tim.o(.bss)
    htim11                                   0x20000d14   Data          56  tim.o(.bss)
    hi2c2                                    0x20000d4c   Data          84  i2c.o(.bss)
    m_mbRxBuf                                0x20000da0   Data         100  modbus_config.o(.bss)
    m_mbTxBuf                                0x20000e04   Data         100  modbus_config.o(.bss)
    __initial_sp                             0x20001268   Data           0  startup_stm32l152xb.o(STACK)



==============================================================================

Memory Map of the image

  Image Entry point : 0x080000f5

  Load Region LR_IROM1 (Base: 0x08000000, Size: 0x00006a18, Max: 0x00008000, ABSOLUTE, COMPRESSED[0x000068ec])

    Execution Region ER_IROM1 (Base: 0x08000000, Size: 0x000067e4, Max: 0x00008000, ABSOLUTE)

    Base Addr    Size         Type   Attr      Idx    E Section Name        Object

    0x08000000   0x000000f4   Data   RO         3477    RESET               startup_stm32l152xb.o
    0x080000f4   0x00000000   Code   RO         4641  * .ARM.Collect$$$$00000000  mc_w.l(entry.o)
    0x080000f4   0x00000004   Code   RO         4666    .ARM.Collect$$$$00000001  mc_w.l(entry2.o)
    0x080000f8   0x00000004   Code   RO         4669    .ARM.Collect$$$$00000004  mc_w.l(entry5.o)
    0x080000fc   0x00000000   Code   RO         4671    .ARM.Collect$$$$00000008  mc_w.l(entry7b.o)
    0x080000fc   0x00000000   Code   RO         4673    .ARM.Collect$$$$0000000A  mc_w.l(entry8b.o)
    0x080000fc   0x00000008   Code   RO         4674    .ARM.Collect$$$$0000000B  mc_w.l(entry9a.o)
    0x08000104   0x00000000   Code   RO         4676    .ARM.Collect$$$$0000000D  mc_w.l(entry10a.o)
    0x08000104   0x00000000   Code   RO         4678    .ARM.Collect$$$$0000000F  mc_w.l(entry11a.o)
    0x08000104   0x00000004   Code   RO         4667    .ARM.Collect$$$$00002712  mc_w.l(entry2.o)
    0x08000108   0x00000024   Code   RO         3478    .text               startup_stm32l152xb.o
    0x0800012c   0x000000b0   Code   RO         4644    .text               mf_w.l(fadd.o)
    0x080001dc   0x00000064   Code   RO         4646    .text               mf_w.l(fmul.o)
    0x08000240   0x00000018   Code   RO         4648    .text               mf_w.l(fscalb.o)
    0x08000258   0x000000e4   Code   RO         4650    .text               mf_w.l(dmul.o)
    0x0800033c   0x0000002e   Code   RO         4652    .text               mf_w.l(dscalb.o)
    0x0800036a   0x0000000a   Code   RO         4654    .text               mf_w.l(ffltui.o)
    0x08000374   0x0000001a   Code   RO         4656    .text               mf_w.l(dfltui.o)
    0x0800038e   0x00000032   Code   RO         4658    .text               mf_w.l(ffixi.o)
    0x080003c0   0x00000028   Code   RO         4660    .text               mf_w.l(ffixui.o)
    0x080003e8   0x00000032   Code   RO         4662    .text               mf_w.l(dfixui.o)
    0x0800041a   0x00000038   Code   RO         4664    .text               mf_w.l(d2f.o)
    0x08000452   0x00000020   Code   RO         4680    .text               mc_w.l(llushr.o)
    0x08000472   0x00000000   Code   RO         4682    .text               mc_w.l(iusefp.o)
    0x08000472   0x0000006e   Code   RO         4683    .text               mf_w.l(fepilogue.o)
    0x080004e0   0x000000ba   Code   RO         4685    .text               mf_w.l(depilogue.o)
    0x0800059a   0x00000002   PAD
    0x0800059c   0x00000024   Code   RO         4687    .text               mc_w.l(init.o)
    0x080005c0   0x0000001e   Code   RO         4689    .text               mc_w.l(llshl.o)
    0x080005de   0x00000056   Code   RO         4699    .text               mc_w.l(__dczerorl2.o)
    0x08000634   0x00000062   Code   RO          940    i.ADC_DMAConvCplt   stm32l1xx_hal_adc.o
    0x08000696   0x0000001a   Code   RO          941    i.ADC_DMAError      stm32l1xx_hal_adc.o
    0x080006b0   0x0000000a   Code   RO          942    i.ADC_DMAHalfConvCplt  stm32l1xx_hal_adc.o
    0x080006ba   0x00000002   PAD
    0x080006bc   0x00000078   Code   RO          943    i.ADC_Enable        stm32l1xx_hal_adc.o
    0x08000734   0x00000002   Code   RO         3876    i.BusFault_Handler  stm32l1xx_it.o
    0x08000736   0x00000008   Code   RO         4036    i.CDC_Control_FS    usbd_cdc_if.o
    0x0800073e   0x00000004   Code   RO         4037    i.CDC_DeInit_FS     usbd_cdc_if.o
    0x08000742   0x00000002   PAD
    0x08000744   0x00000024   Code   RO         4038    i.CDC_Init_FS       usbd_cdc_if.o
    0x08000768   0x0000003c   Code   RO         4039    i.CDC_Receive_FS    usbd_cdc_if.o
    0x080007a4   0x0000002c   Code   RO         4040    i.CDC_Transmit_FS   usbd_cdc_if.o
    0x080007d0   0x00000028   Code   RO         4448    i.CalcCrc16         crc16.o
    0x080007f8   0x00000060   Code   RO         3485    i.Charger           main.o
    0x08000858   0x00000138   Code   RO         3486    i.Check_alarm       main.o
    0x08000990   0x00000078   Code   RO         4390    i.ConvertTemp       i2c.o
    0x08000a08   0x0000002e   Code   RO         4391    i.Crc8              i2c.o
    0x08000a36   0x00000002   PAD
    0x08000a38   0x0000000c   Code   RO         3877    i.DMA1_Channel1_IRQHandler  stm32l1xx_it.o
    0x08000a44   0x0000002c   Code   RO         2277    i.DMA_SetConfig     stm32l1xx_hal_dma.o
    0x08000a70   0x00000002   Code   RO         3878    i.DebugMon_Handler  stm32l1xx_it.o
    0x08000a72   0x00000002   PAD
    0x08000a74   0x00000014   Code   RO         4487    i.EnterCritSection  mb_slave.o
    0x08000a88   0x00000018   Code   RO         4488    i.ExitCritSection   mb_slave.o
    0x08000aa0   0x00000028   Code   RO         3337    i.FLASH_PageErase   stm32l1xx_hal_flash_ex.o
    0x08000ac8   0x00000048   Code   RO         3225    i.FLASH_SetErrorCode  stm32l1xx_hal_flash.o
    0x08000b10   0x00000054   Code   RO         3226    i.FLASH_WaitForLastOperation  stm32l1xx_hal_flash.o
    0x08000b64   0x00000054   Code   RO         3487    i.Flash_Restore     main.o
    0x08000bb8   0x00000108   Code   RO         3488    i.Flash_Store       main.o
    0x08000cc0   0x00000150   Code   RO          945    i.HAL_ADC_ConfigChannel  stm32l1xx_hal_adc.o
    0x08000e10   0x00000018   Code   RO         3489    i.HAL_ADC_ConvCpltCallback  main.o
    0x08000e28   0x00000002   Code   RO          947    i.HAL_ADC_ConvHalfCpltCallback  stm32l1xx_hal_adc.o
    0x08000e2a   0x00000002   Code   RO          949    i.HAL_ADC_ErrorCallback  stm32l1xx_hal_adc.o
    0x08000e2c   0x0000018c   Code   RO          954    i.HAL_ADC_Init      stm32l1xx_hal_adc.o
    0x08000fb8   0x0000008c   Code   RO         4157    i.HAL_ADC_MspInit   adc.o
    0x08001044   0x00000076   Code   RO          960    i.HAL_ADC_Start     stm32l1xx_hal_adc.o
    0x080010ba   0x00000002   PAD
    0x080010bc   0x000000c8   Code   RO          961    i.HAL_ADC_Start_DMA  stm32l1xx_hal_adc.o
    0x08001184   0x000000ba   Code   RO         2283    i.HAL_DMA_IRQHandler  stm32l1xx_hal_dma.o
    0x0800123e   0x00000002   PAD
    0x08001240   0x0000006c   Code   RO         2284    i.HAL_DMA_Init      stm32l1xx_hal_dma.o
    0x080012ac   0x00000074   Code   RO         2288    i.HAL_DMA_Start_IT  stm32l1xx_hal_dma.o
    0x08001320   0x00000016   Code   RO         2445    i.HAL_Delay         stm32l1xx_hal.o
    0x08001336   0x00000002   PAD
    0x08001338   0x00000014   Code   RO         3230    i.HAL_FLASH_Lock    stm32l1xx_hal_flash.o
    0x0800134c   0x0000003c   Code   RO         3235    i.HAL_FLASH_Program  stm32l1xx_hal_flash.o
    0x08001388   0x00000044   Code   RO         3237    i.HAL_FLASH_Unlock  stm32l1xx_hal_flash.o
    0x080013cc   0x00000198   Code   RO          639    i.HAL_GPIO_Init     stm32l1xx_hal_gpio.o
    0x08001564   0x0000000e   Code   RO          641    i.HAL_GPIO_ReadPin  stm32l1xx_hal_gpio.o
    0x08001572   0x00000008   Code   RO          642    i.HAL_GPIO_TogglePin  stm32l1xx_hal_gpio.o
    0x0800157a   0x0000000e   Code   RO          643    i.HAL_GPIO_WritePin  stm32l1xx_hal_gpio.o
    0x08001588   0x0000000c   Code   RO         2449    i.HAL_GetTick       stm32l1xx_hal.o
    0x08001594   0x00000150   Code   RO         2668    i.HAL_I2C_Init      stm32l1xx_hal_i2c.o
    0x080016e4   0x000002a8   Code   RO         2674    i.HAL_I2C_Master_Receive  stm32l1xx_hal_i2c.o
    0x0800198c   0x0000015c   Code   RO         2679    i.HAL_I2C_Master_Transmit  stm32l1xx_hal_i2c.o
    0x08001ae8   0x0000004c   Code   RO         4393    i.HAL_I2C_MspInit   i2c.o
    0x08001b34   0x00000010   Code   RO         2450    i.HAL_IncTick       stm32l1xx_hal.o
    0x08001b44   0x0000002c   Code   RO         2451    i.HAL_Init          stm32l1xx_hal.o
    0x08001b70   0x00000028   Code   RO         2452    i.HAL_InitTick      stm32l1xx_hal.o
    0x08001b98   0x00000090   Code   RO         4366    i.HAL_MspInit       stm32l1xx_hal_msp.o
    0x08001c28   0x00000016   Code   RO         3095    i.HAL_NVIC_EnableIRQ  stm32l1xx_hal_cortex.o
    0x08001c3e   0x00000002   PAD
    0x08001c40   0x00000040   Code   RO         3101    i.HAL_NVIC_SetPriority  stm32l1xx_hal_cortex.o
    0x08001c80   0x00000024   Code   RO         3102    i.HAL_NVIC_SetPriorityGrouping  stm32l1xx_hal_cortex.o
    0x08001ca4   0x0000003c   Code   RO         2633    i.HAL_PCDEx_PMAConfig  stm32l1xx_hal_pcd_ex.o
    0x08001ce0   0x00000020   Code   RO         3669    i.HAL_PCDEx_SetConnectionState  usbd_conf.o
    0x08001d00   0x00000012   Code   RO         3671    i.HAL_PCD_DataInStageCallback  usbd_conf.o
    0x08001d12   0x00000014   Code   RO         3672    i.HAL_PCD_DataOutStageCallback  usbd_conf.o
    0x08001d26   0x0000017e   Code   RO         1156    i.HAL_PCD_EP_Close  stm32l1xx_hal_pcd.o
    0x08001ea4   0x000000c0   Code   RO         1157    i.HAL_PCD_EP_ClrStall  stm32l1xx_hal_pcd.o
    0x08001f64   0x00000014   Code   RO         1159    i.HAL_PCD_EP_GetRxCount  stm32l1xx_hal_pcd.o
    0x08001f78   0x00000304   Code   RO         1160    i.HAL_PCD_EP_Open   stm32l1xx_hal_pcd.o
    0x0800227c   0x0000015e   Code   RO         1161    i.HAL_PCD_EP_Receive  stm32l1xx_hal_pcd.o
    0x080023da   0x00000094   Code   RO         1162    i.HAL_PCD_EP_SetStall  stm32l1xx_hal_pcd.o
    0x0800246e   0x00000100   Code   RO         1163    i.HAL_PCD_EP_Transmit  stm32l1xx_hal_pcd.o
    0x0800256e   0x000000fc   Code   RO         1165    i.HAL_PCD_IRQHandler  stm32l1xx_hal_pcd.o
    0x0800266a   0x0000009c   Code   RO         1168    i.HAL_PCD_Init      stm32l1xx_hal_pcd.o
    0x08002706   0x00000002   PAD
    0x08002708   0x0000003c   Code   RO         3677    i.HAL_PCD_MspInit   usbd_conf.o
    0x08002744   0x0000001a   Code   RO         3678    i.HAL_PCD_ResetCallback  usbd_conf.o
    0x0800275e   0x00000008   Code   RO         3679    i.HAL_PCD_ResumeCallback  usbd_conf.o
    0x08002766   0x00000008   Code   RO         3680    i.HAL_PCD_SOFCallback  usbd_conf.o
    0x0800276e   0x0000002c   Code   RO         1174    i.HAL_PCD_SetAddress  stm32l1xx_hal_pcd.o
    0x0800279a   0x0000000e   Code   RO         3681    i.HAL_PCD_SetupStageCallback  usbd_conf.o
    0x080027a8   0x0000000c   Code   RO         1176    i.HAL_PCD_Start     stm32l1xx_hal_pcd.o
    0x080027b4   0x00000024   Code   RO         3682    i.HAL_PCD_SuspendCallback  usbd_conf.o
    0x080027d8   0x00000264   Code   RO         2135    i.HAL_RCC_ClockConfig  stm32l1xx_hal_rcc.o
    0x08002a3c   0x0000000c   Code   RO         2140    i.HAL_RCC_GetHCLKFreq  stm32l1xx_hal_rcc.o
    0x08002a48   0x0000002c   Code   RO         2142    i.HAL_RCC_GetPCLK1Freq  stm32l1xx_hal_rcc.o
    0x08002a74   0x0000002c   Code   RO         2143    i.HAL_RCC_GetPCLK2Freq  stm32l1xx_hal_rcc.o
    0x08002aa0   0x00000090   Code   RO         2144    i.HAL_RCC_GetSysClockFreq  stm32l1xx_hal_rcc.o
    0x08002b30   0x000007bc   Code   RO         2147    i.HAL_RCC_OscConfig  stm32l1xx_hal_rcc.o
    0x080032ec   0x0000001c   Code   RO         3104    i.HAL_SYSTICK_CLKSourceConfig  stm32l1xx_hal_cortex.o
    0x08003308   0x00000164   Code   RO         3490    i.HAL_SYSTICK_Callback  main.o
    0x0800346c   0x00000028   Code   RO         3106    i.HAL_SYSTICK_Config  stm32l1xx_hal_cortex.o
    0x08003494   0x00000008   Code   RO         3107    i.HAL_SYSTICK_IRQHandler  stm32l1xx_hal_cortex.o
    0x0800349c   0x00000050   Code   RO         1116    i.HAL_TIMEx_MasterConfigSynchronization  stm32l1xx_hal_tim_ex.o
    0x080034ec   0x00000038   Code   RO         1379    i.HAL_TIM_Base_Init  stm32l1xx_hal_tim.o
    0x08003524   0x00000068   Code   RO         4265    i.HAL_TIM_Base_MspInit  tim.o
    0x0800358c   0x00000018   Code   RO         1384    i.HAL_TIM_Base_Start_IT  stm32l1xx_hal_tim.o
    0x080035a4   0x00000022   Code   RO         1387    i.HAL_TIM_Base_Stop_IT  stm32l1xx_hal_tim.o
    0x080035c6   0x0000010e   Code   RO         1388    i.HAL_TIM_ConfigClockSource  stm32l1xx_hal_tim.o
    0x080036d4   0x00000002   Code   RO          714    i.HAL_UART_ErrorCallback  stm32l1xx_hal_uart.o
    0x080036d6   0x00000004   Code   RO          715    i.HAL_UART_GetError  stm32l1xx_hal_uart.o
    0x080036da   0x000000be   Code   RO          717    i.HAL_UART_IRQHandler  stm32l1xx_hal_uart.o
    0x08003798   0x00000060   Code   RO          718    i.HAL_UART_Init     stm32l1xx_hal_uart.o
    0x080037f8   0x0000005c   Code   RO         4223    i.HAL_UART_MspInit  usart.o
    0x08003854   0x00000034   Code   RO         3491    i.HAL_UART_RxCpltCallback  main.o
    0x08003888   0x0000005c   Code   RO          728    i.HAL_UART_Transmit_IT  stm32l1xx_hal_uart.o
    0x080038e4   0x00000018   Code   RO         3492    i.HAL_UART_TxCpltCallback  main.o
    0x080038fc   0x00000002   Code   RO         3879    i.HardFault_Handler  stm32l1xx_it.o
    0x080038fe   0x00000028   Code   RO         2706    i.I2C_IsAcknowledgeFailed  stm32l1xx_hal_i2c.o
    0x08003926   0x00000002   PAD
    0x08003928   0x0000011c   Code   RO         2709    i.I2C_MasterRequestRead  stm32l1xx_hal_i2c.o
    0x08003a44   0x000000bc   Code   RO         2710    i.I2C_MasterRequestWrite  stm32l1xx_hal_i2c.o
    0x08003b00   0x0000008c   Code   RO         4394    i.I2C_StartTransmission  i2c.o
    0x08003b8c   0x0000004c   Code   RO         2725    i.I2C_WaitOnBTFFlagUntilTimeout  stm32l1xx_hal_i2c.o
    0x08003bd8   0x00000074   Code   RO         2726    i.I2C_WaitOnFlagUntilTimeout  stm32l1xx_hal_i2c.o
    0x08003c4c   0x00000094   Code   RO         2727    i.I2C_WaitOnMasterAddressFlagUntilTimeout  stm32l1xx_hal_i2c.o
    0x08003ce0   0x00000062   Code   RO         2728    i.I2C_WaitOnRXNEFlagUntilTimeout  stm32l1xx_hal_i2c.o
    0x08003d42   0x0000004c   Code   RO         2730    i.I2C_WaitOnTXEFlagUntilTimeout  stm32l1xx_hal_i2c.o
    0x08003d8e   0x00000002   PAD
    0x08003d90   0x00000088   Code   RO         4158    i.MX_ADC_Init       adc.o
    0x08003e18   0x0000002c   Code   RO         4198    i.MX_DMA_Init       dma.o
    0x08003e44   0x00000110   Code   RO         4012    i.MX_GPIO_Init      gpio.o
    0x08003f54   0x00000054   Code   RO         4395    i.MX_I2C2_Init      i2c.o
    0x08003fa8   0x00000070   Code   RO         4272    i.MX_TIM3_Init      tim.o
    0x08004018   0x00000070   Code   RO         4273    i.MX_TIM4_Init      tim.o
    0x08004088   0x0000004c   Code   RO         4224    i.MX_USART1_UART_Init  usart.o
    0x080040d4   0x00000038   Code   RO         3982    i.MX_USB_DEVICE_Init  usb_device.o
    0x0800410c   0x00000002   Code   RO         3880    i.MemManage_Handler  stm32l1xx_it.o
    0x0800410e   0x00000002   Code   RO         3881    i.NMI_Handler       stm32l1xx_it.o
    0x08004110   0x00000020   Code   RO         3108    i.NVIC_SetPriority  stm32l1xx_hal_cortex.o
    0x08004130   0x00000370   Code   RO         1179    i.PCD_EP_ISR_Handler  stm32l1xx_hal_pcd.o
    0x080044a0   0x0000002c   Code   RO         1180    i.PCD_ReadPMA       stm32l1xx_hal_pcd.o
    0x080044cc   0x00000028   Code   RO         1181    i.PCD_WritePMA      stm32l1xx_hal_pcd.o
    0x080044f4   0x00000002   Code   RO         3882    i.PendSV_Handler    stm32l1xx_it.o
    0x080044f6   0x00000002   PAD
    0x080044f8   0x00000084   Code   RO         2148    i.RCC_SetFlashLatencyFromMSIRange  stm32l1xx_hal_rcc.o
    0x0800457c   0x00000010   Code   RO         3493    i.ResetFilter_data  main.o
    0x0800458c   0x00000002   Code   RO         3883    i.SVC_Handler       stm32l1xx_it.o
    0x0800458e   0x00000010   Code   RO         4275    i.SetDutyCycle      tim.o
    0x0800459e   0x00000002   PAD
    0x080045a0   0x00000030   Code   RO         4276    i.SetPeriod         tim.o
    0x080045d0   0x0000000e   Code   RO         3884    i.SysTick_Handler   stm32l1xx_it.o
    0x080045de   0x00000002   PAD
    0x080045e0   0x000000a0   Code   RO         3494    i.SystemClock_Config  main.o
    0x08004680   0x00000050   Code   RO          534    i.SystemInit        system_stm32l1xx.o
    0x080046d0   0x00000018   Code   RO         3495    i.TIM3_IRQHandler   main.o
    0x080046e8   0x00000030   Code   RO         3496    i.TIM4_IRQHandler   main.o
    0x08004718   0x0000006c   Code   RO         1463    i.TIM_Base_SetConfig  stm32l1xx_hal_tim.o
    0x08004784   0x00000014   Code   RO         1470    i.TIM_ETR_SetConfig  stm32l1xx_hal_tim.o
    0x08004798   0x00000010   Code   RO         1471    i.TIM_ITRx_SetConfig  stm32l1xx_hal_tim.o
    0x080047a8   0x00000022   Code   RO         1477    i.TIM_TI1_ConfigInputStage  stm32l1xx_hal_tim.o
    0x080047ca   0x00000024   Code   RO         1479    i.TIM_TI2_ConfigInputStage  stm32l1xx_hal_tim.o
    0x080047ee   0x0000002a   Code   RO          736    i.UART_EndTransmit_IT  stm32l1xx_hal_uart.o
    0x08004818   0x00000308   Code   RO          737    i.UART_SetConfig    stm32l1xx_hal_uart.o
    0x08004b20   0x0000006a   Code   RO          738    i.UART_Transmit_IT  stm32l1xx_hal_uart.o
    0x08004b8a   0x00000002   PAD
    0x08004b8c   0x0000000c   Code   RO         3887    i.USART1_IRQHandler  stm32l1xx_it.o
    0x08004b98   0x00000016   Code   RO          285    i.USBD_CDC_DataIn   usbd_cdc.o
    0x08004bae   0x00000030   Code   RO          286    i.USBD_CDC_DataOut  usbd_cdc.o
    0x08004bde   0x0000003c   Code   RO          287    i.USBD_CDC_DeInit   usbd_cdc.o
    0x08004c1a   0x0000002a   Code   RO          288    i.USBD_CDC_EP0_RxReady  usbd_cdc.o
    0x08004c44   0x0000000c   Code   RO          289    i.USBD_CDC_GetDeviceQualifierDescriptor  usbd_cdc.o
    0x08004c50   0x0000000c   Code   RO          290    i.USBD_CDC_GetFSCfgDesc  usbd_cdc.o
    0x08004c5c   0x0000000c   Code   RO          291    i.USBD_CDC_GetHSCfgDesc  usbd_cdc.o
    0x08004c68   0x0000000c   Code   RO          292    i.USBD_CDC_GetOtherSpeedCfgDesc  usbd_cdc.o
    0x08004c74   0x0000009e   Code   RO          293    i.USBD_CDC_Init     usbd_cdc.o
    0x08004d12   0x00000032   Code   RO          294    i.USBD_CDC_ReceivePacket  usbd_cdc.o
    0x08004d44   0x00000010   Code   RO          295    i.USBD_CDC_RegisterInterface  usbd_cdc.o
    0x08004d54   0x0000000c   Code   RO          296    i.USBD_CDC_SetRxBuffer  usbd_cdc.o
    0x08004d60   0x00000010   Code   RO          297    i.USBD_CDC_SetTxBuffer  usbd_cdc.o
    0x08004d70   0x00000078   Code   RO          298    i.USBD_CDC_Setup    usbd_cdc.o
    0x08004de8   0x00000030   Code   RO          299    i.USBD_CDC_TransmitPacket  usbd_cdc.o
    0x08004e18   0x0000000e   Code   RO          395    i.USBD_ClrClassConfig  usbd_core.o
    0x08004e26   0x0000003c   Code   RO            4    i.USBD_ClrFeature   usbd_ctlreq.o
    0x08004e62   0x00000010   Code   RO          225    i.USBD_CtlContinueRx  usbd_ioreq.o
    0x08004e72   0x00000010   Code   RO          226    i.USBD_CtlContinueSendData  usbd_ioreq.o
    0x08004e82   0x00000018   Code   RO            5    i.USBD_CtlError     usbd_ctlreq.o
    0x08004e9a   0x0000001e   Code   RO          227    i.USBD_CtlPrepareRx  usbd_ioreq.o
    0x08004eb8   0x00000016   Code   RO          228    i.USBD_CtlReceiveStatus  usbd_ioreq.o
    0x08004ece   0x0000001a   Code   RO          229    i.USBD_CtlSendData  usbd_ioreq.o
    0x08004ee8   0x00000016   Code   RO          230    i.USBD_CtlSendStatus  usbd_ioreq.o
    0x08004efe   0x00000002   PAD
    0x08004f00   0x00000030   Code   RO         4088    i.USBD_FS_ConfigStrDescriptor  usbd_desc.o
    0x08004f30   0x0000000c   Code   RO         4089    i.USBD_FS_DeviceDescriptor  usbd_desc.o
    0x08004f3c   0x00000034   Code   RO         4090    i.USBD_FS_InterfaceStrDescriptor  usbd_desc.o
    0x08004f70   0x0000000c   Code   RO         4091    i.USBD_FS_LangIDStrDescriptor  usbd_desc.o
    0x08004f7c   0x00000028   Code   RO         4092    i.USBD_FS_ManufacturerStrDescriptor  usbd_desc.o
    0x08004fa4   0x0000003c   Code   RO         4093    i.USBD_FS_ProductStrDescriptor  usbd_desc.o
    0x08004fe0   0x00000034   Code   RO         4094    i.USBD_FS_SerialStrDescriptor  usbd_desc.o
    0x08005014   0x00000030   Code   RO            6    i.USBD_GetConfig    usbd_ctlreq.o
    0x08005044   0x0000012e   Code   RO            7    i.USBD_GetDescriptor  usbd_ctlreq.o
    0x08005172   0x00000014   Code   RO            8    i.USBD_GetLen       usbd_ctlreq.o
    0x08005186   0x00000028   Code   RO            9    i.USBD_GetStatus    usbd_ctlreq.o
    0x080051ae   0x0000003c   Code   RO           10    i.USBD_GetString    usbd_ctlreq.o
    0x080051ea   0x0000002c   Code   RO          397    i.USBD_Init         usbd_core.o
    0x08005216   0x0000002c   Code   RO         3683    i.USBD_LL_ClearStallEP  usbd_conf.o
    0x08005242   0x0000002c   Code   RO         3684    i.USBD_LL_CloseEP   usbd_conf.o
    0x0800526e   0x000000ba   Code   RO          398    i.USBD_LL_DataInStage  usbd_core.o
    0x08005328   0x0000006c   Code   RO          399    i.USBD_LL_DataOutStage  usbd_core.o
    0x08005394   0x00000008   Code   RO         3688    i.USBD_LL_GetRxDataSize  usbd_conf.o
    0x0800539c   0x0000009c   Code   RO         3689    i.USBD_LL_Init      usbd_conf.o
    0x08005438   0x00000020   Code   RO         3690    i.USBD_LL_IsStallEP  usbd_conf.o
    0x08005458   0x00000032   Code   RO         3691    i.USBD_LL_OpenEP    usbd_conf.o
    0x0800548a   0x0000002c   Code   RO         3692    i.USBD_LL_PrepareReceive  usbd_conf.o
    0x080054b6   0x00000040   Code   RO          404    i.USBD_LL_Reset     usbd_core.o
    0x080054f6   0x0000000c   Code   RO          405    i.USBD_LL_Resume    usbd_core.o
    0x08005502   0x00000018   Code   RO          406    i.USBD_LL_SOF       usbd_core.o
    0x0800551a   0x00000006   Code   RO          407    i.USBD_LL_SetSpeed  usbd_core.o
    0x08005520   0x0000002c   Code   RO         3693    i.USBD_LL_SetUSBAddress  usbd_conf.o
    0x0800554c   0x0000005a   Code   RO          408    i.USBD_LL_SetupStage  usbd_core.o
    0x080055a6   0x0000002c   Code   RO         3694    i.USBD_LL_StallEP   usbd_conf.o
    0x080055d2   0x0000002c   Code   RO         3695    i.USBD_LL_Start     usbd_conf.o
    0x080055fe   0x00000010   Code   RO          409    i.USBD_LL_Suspend   usbd_core.o
    0x0800560e   0x0000002c   Code   RO         3697    i.USBD_LL_Transmit  usbd_conf.o
    0x0800563a   0x00000028   Code   RO           11    i.USBD_ParseSetupRequest  usbd_ctlreq.o
    0x08005662   0x00000012   Code   RO          410    i.USBD_RegisterClass  usbd_core.o
    0x08005674   0x00000004   Code   RO          411    i.USBD_RunTestMode  usbd_core.o
    0x08005678   0x00000054   Code   RO           12    i.USBD_SetAddress   usbd_ctlreq.o
    0x080056cc   0x00000018   Code   RO          412    i.USBD_SetClassConfig  usbd_core.o
    0x080056e4   0x000000c4   Code   RO           13    i.USBD_SetConfig    usbd_ctlreq.o
    0x080057a8   0x00000024   Code   RO           14    i.USBD_SetFeature   usbd_ctlreq.o
    0x080057cc   0x0000000a   Code   RO          413    i.USBD_Start        usbd_core.o
    0x080057d6   0x0000004a   Code   RO           15    i.USBD_StdDevReq    usbd_ctlreq.o
    0x08005820   0x00000120   Code   RO           16    i.USBD_StdEPReq     usbd_ctlreq.o
    0x08005940   0x00000044   Code   RO           17    i.USBD_StdItfReq    usbd_ctlreq.o
    0x08005984   0x00000002   Code   RO         3698    i.USBD_static_free  usbd_conf.o
    0x08005986   0x00000002   PAD
    0x08005988   0x00000008   Code   RO         3699    i.USBD_static_malloc  usbd_conf.o
    0x08005990   0x0000000c   Code   RO         3888    i.USB_LP_IRQHandler  stm32l1xx_it.o
    0x0800599c   0x00000002   Code   RO         3889    i.UsageFault_Handler  stm32l1xx_it.o
    0x0800599e   0x00000018   Code   RO         4451    i.WriteCrc16        crc16.o
    0x080059b6   0x00000002   Code   RO         3497    i._Error_Handler    main.o
    0x080059b8   0x0000000e   Code   RO         4693    i.__scatterload_copy  mc_w.l(handlers.o)
    0x080059c6   0x00000002   Code   RO         4694    i.__scatterload_null  mc_w.l(handlers.o)
    0x080059c8   0x0000000e   Code   RO         4695    i.__scatterload_zeroinit  mc_w.l(handlers.o)
    0x080059d6   0x00000002   PAD
    0x080059d8   0x00000228   Code   RO         3498    i.get_sens_data     main.o
    0x08005c00   0x000001c8   Code   RO         3499    i.main              main.o
    0x08005dc8   0x00000038   Code   RO         4556    i.mb_event          modbus_config.o
    0x08005e00   0x000000a4   Code   RO         3500    i.mb_read_registers  main.o
    0x08005ea4   0x000000b8   Code   RO         4489    i.mb_slave_init     mb_slave.o
    0x08005f5c   0x000001e0   Code   RO         4490    i.mb_slave_parse_packet  mb_slave.o
    0x0800613c   0x00000064   Code   RO         4491    i.mb_slave_recive   mb_slave.o
    0x080061a0   0x00000032   Code   RO         4492    i.mb_slave_send_error  mb_slave.o
    0x080061d2   0x00000038   Code   RO         4493    i.mb_slave_start_packet  mb_slave.o
    0x0800620a   0x00000046   Code   RO         4494    i.mb_slave_start_tx  mb_slave.o
    0x08006250   0x0000004a   Code   RO         4495    i.mb_slave_timer_expired  mb_slave.o
    0x0800629a   0x00000002   PAD
    0x0800629c   0x00000010   Code   RO         4557    i.mb_timer_disable  modbus_config.o
    0x080062ac   0x00000010   Code   RO         4558    i.mb_timer_enable   modbus_config.o
    0x080062bc   0x00000020   Code   RO         4559    i.mb_timer_init     modbus_config.o
    0x080062dc   0x0000001c   Code   RO         4560    i.mb_timer_reset    modbus_config.o
    0x080062f8   0x0000005c   Code   RO         4561    i.mb_tx             modbus_config.o
    0x08006354   0x00000044   Code   RO         3501    i.mb_write_registers  main.o
    0x08006398   0x00000004   Code   RO         4563    i.usart_enable      modbus_config.o
    0x0800639c   0x00000004   Code   RO         4564    i.usart_init        modbus_config.o
    0x080063a0   0x00000019   Data   RO          535    .constdata          system_stm32l1xx.o
    0x080063b9   0x00000008   Data   RO          536    .constdata          system_stm32l1xx.o
    0x080063c1   0x00000001   PAD
    0x080063c2   0x00000400   Data   RO         4452    .constdata          crc16.o
    0x080067c2   0x00000002   PAD
    0x080067c4   0x00000020   Data   RO         4691    Region$$Table       anon$$obj.o


    Execution Region RW_IRAM1 (Base: 0x20000000, Size: 0x00001268, Max: 0x00002800, ABSOLUTE, COMPRESSED[0x00000108])

    Base Addr    Size         Type   Attr      Idx    E Section Name        Object

    0x20000000   0x00000001   Data   RW           18    .data               usbd_ctlreq.o
    0x20000001   0x00000003   PAD
    0x20000004   0x000000db   Data   RW          300    .data               usbd_cdc.o
    0x200000df   0x00000001   PAD
    0x200000e0   0x00000038   Data   RW          301    .data               usbd_cdc.o
    0x20000118   0x00000004   Data   RW          537    .data               system_stm32l1xx.o
    0x2000011c   0x00000004   Data   RW         2457    .data               stm32l1xx_hal.o
    0x20000120   0x00000050   Data   RW         3503    .data               main.o
    0x20000170   0x00000010   Data   RW         4041    .data               usbd_cdc_if.o
    0x20000180   0x00000008   Data   RW         4042    .data               usbd_cdc_if.o
    0x20000188   0x0000001c   Data   RW         4096    .data               usbd_desc.o
    0x200001a4   0x00000016   Data   RW         4097    .data               usbd_desc.o
    0x200001ba   0x00000004   Data   RW         4397    .data               i2c.o
    0x200001be   0x00000002   PAD
    0x200001c0   0x00000004   Data   RW         4496    .data               mb_slave.o
    0x200001c4   0x00000070   Data   RW         4569    .data               modbus_config.o
    0x20000234   0x00000018   Zero   RW         3238    .bss                stm32l1xx_hal_flash.o
    0x2000024c   0x00000074   Zero   RW         3502    .bss                main.o
    0x200002c0   0x00000440   Zero   RW         3700    .bss                usbd_conf.o
    0x20000700   0x00000224   Zero   RW         3983    .bss                usb_device.o
    0x20000924   0x00000200   Zero   RW         4095    .bss                usbd_desc.o
    0x20000b24   0x00000098   Zero   RW         4159    .bss                adc.o
    0x20000bbc   0x00000040   Zero   RW         4225    .bss                usart.o
    0x20000bfc   0x00000150   Zero   RW         4277    .bss                tim.o
    0x20000d4c   0x00000054   Zero   RW         4396    .bss                i2c.o
    0x20000da0   0x00000064   Zero   RW         4565    .bss                modbus_config.o
    0x20000e04   0x00000064   Zero   RW         4566    .bss                modbus_config.o
    0x20000e68   0x00000400   Zero   RW         3475    STACK               startup_stm32l152xb.o


==============================================================================

Image component sizes


      Code (inc. data)   RO Data    RW Data    ZI Data      Debug   Object Name

       276         62          0          0        152       1728   adc.o
        64          4       1024          0          0       1975   crc16.o
        44          4          0          0          0        746   dma.o
       272         18          0          0          0       1003   gpio.o
       466         90          0          4         84       3946   i2c.o
      2702        308          0         80        116      43966   main.o
      1058         14          0          4          0       8047   mb_slave.o
       248         48          0        112        200       5350   modbus_config.o
        36          8        244          0       1024        780   startup_stm32l152xb.o
       134         22          0          4          0       3675   stm32l1xx_hal.o
      1308         56          0          0          0       7891   stm32l1xx_hal_adc.o
       230         14          0          0          0      28694   stm32l1xx_hal_cortex.o
       454         10          0          0          0       3615   stm32l1xx_hal_dma.o
       304         46          0          0         24       3606   stm32l1xx_hal_flash.o
        40          8          0          0          0        566   stm32l1xx_hal_flash_ex.o
       444         32          0          0          0       3672   stm32l1xx_hal_gpio.o
      2390         40          0          0          0      11870   stm32l1xx_hal_i2c.o
       144          4          0          0          0        934   stm32l1xx_hal_msp.o
      3548          0          0          0          0      14025   stm32l1xx_hal_pcd.o
        60          0          0          0          0       1206   stm32l1xx_hal_pcd_ex.o
      2968         98          0          0          0       7820   stm32l1xx_hal_rcc.o
       598         22          0          0          0       6827   stm32l1xx_hal_tim.o
        80          0          0          0          0       1176   stm32l1xx_hal_tim_ex.o
      1308          6          0          0          0       6162   stm32l1xx_hal_uart.o
        66         18          0          0          0       5213   stm32l1xx_it.o
        80         18         33          4          0       1227   system_stm32l1xx.o
       392         70          0          0        336       3592   tim.o
       168         36          0          0         64       1642   usart.o
        56         18          0          0        548        720   usb_device.o
       640         22          0        275          0      12950   usbd_cdc.o
       152         24          0         24          0       3440   usbd_cdc_if.o
       786         56          0          0       1088      13725   usbd_conf.o
       620          0          0          0          0       9907   usbd_core.o
      1340         30          0          1          0     416036   usbd_ctlreq.o
       276        116          0         50        512       5259   usbd_desc.o
       132          0          0          0          0       4392   usbd_ioreq.o

    ----------------------------------------------------------------------
     23920       1322       1336        564       4148     647383   Object Totals
         0          0         32          0          0          0   (incl. Generated)
        36          0          3          6          0          0   (incl. Padding)

    ----------------------------------------------------------------------

      Code (inc. data)   RO Data    RW Data    ZI Data      Debug   Library Member Name

        86          0          0          0          0          0   __dczerorl2.o
         0          0          0          0          0          0   entry.o
         0          0          0          0          0          0   entry10a.o
         0          0          0          0          0          0   entry11a.o
         8          4          0          0          0          0   entry2.o
         4          0          0          0          0          0   entry5.o
         0          0          0          0          0          0   entry7b.o
         0          0          0          0          0          0   entry8b.o
         8          4          0          0          0          0   entry9a.o
        30          0          0          0          0          0   handlers.o
        36          8          0          0          0         68   init.o
         0          0          0          0          0          0   iusefp.o
        30          0          0          0          0         68   llshl.o
        32          0          0          0          0         68   llushr.o
        56          0          0          0          0         88   d2f.o
       186          0          0          0          0        176   depilogue.o
        50          0          0          0          0         76   dfixui.o
        26          0          0          0          0         76   dfltui.o
       228          0          0          0          0         96   dmul.o
        46          0          0          0          0         80   dscalb.o
       176          0          0          0          0        140   fadd.o
       110          0          0          0          0        168   fepilogue.o
        50          0          0          0          0         68   ffixi.o
        40          0          0          0          0         68   ffixui.o
        10          0          0          0          0         68   ffltui.o
       100          0          0          0          0         76   fmul.o
        24          0          0          0          0         68   fscalb.o

    ----------------------------------------------------------------------
      1340         16          0          0          0       1452   Library Totals
         4          0          0          0          0          0   (incl. Padding)

    ----------------------------------------------------------------------

      Code (inc. data)   RO Data    RW Data    ZI Data      Debug   Library Name

       234         16          0          0          0        204   mc_w.l
      1102          0          0          0          0       1248   mf_w.l

    ----------------------------------------------------------------------
      1340         16          0          0          0       1452   Library Totals

    ----------------------------------------------------------------------

==============================================================================


      Code (inc. data)   RO Data    RW Data    ZI Data      Debug   

     25260       1338       1336        564       4148     636275   Grand Totals
     25260       1338       1336        264       4148     636275   ELF Image Totals (compressed)
     25260       1338       1336        264          0          0   ROM Totals

==============================================================================

    Total RO  Size (Code + RO Data)                26596 (  25.97kB)
    Total RW  Size (RW Data + ZI Data)              4712 (   4.60kB)
    Total ROM Size (Code + RO Data + RW Data)      26860 (  26.23kB)

==============================================================================

